Archive member included to satisfy reference by file (symbol)

C:\Users\Frosina\Documents\LPCXpresso_8.2.2_650\workspace\Lib_CMSISv1p30_LPC17xx\Debug\libCMSISv1p30_LPC17xx.a(system_LPC17xx.o)
                              ./src/main.o (SystemCoreClock)
C:\Users\Frosina\Documents\LPCXpresso_8.2.2_650\workspace\Lib_EaBaseBoard\Debug\libLib_EaBaseBoard.a(eeprom.o)
                              ./src/main.o (eeprom_init)
C:\Users\Frosina\Documents\LPCXpresso_8.2.2_650\workspace\Lib_EaBaseBoard\Debug\libLib_EaBaseBoard.a(joystick.o)
                              ./src/main.o (joystick_init)
C:\Users\Frosina\Documents\LPCXpresso_8.2.2_650\workspace\Lib_EaBaseBoard\Debug\libLib_EaBaseBoard.a(led7seg.o)
                              ./src/main.o (led7seg_init)
C:\Users\Frosina\Documents\LPCXpresso_8.2.2_650\workspace\Lib_EaBaseBoard\Debug\libLib_EaBaseBoard.a(light.o)
                              ./src/main.o (light_init)
C:\Users\Frosina\Documents\LPCXpresso_8.2.2_650\workspace\Lib_EaBaseBoard\Debug\libLib_EaBaseBoard.a(oled.o)
                              ./src/main.o (oled_init)
C:\Users\Frosina\Documents\LPCXpresso_8.2.2_650\workspace\Lib_EaBaseBoard\Debug\libLib_EaBaseBoard.a(pca9532.o)
                              ./src/main.o (pca9532_init)
C:\Users\Frosina\Documents\LPCXpresso_8.2.2_650\workspace\Lib_EaBaseBoard\Debug\libLib_EaBaseBoard.a(rotary.o)
                              ./src/main.o (rotary_init)
C:\Users\Frosina\Documents\LPCXpresso_8.2.2_650\workspace\Lib_EaBaseBoard\Debug\libLib_EaBaseBoard.a(temp.o)
                              ./src/main.o (temp_init)
C:\Users\Frosina\Documents\LPCXpresso_8.2.2_650\workspace\Lib_EaBaseBoard\Debug\libLib_EaBaseBoard.a(font5x7.o)
                              C:\Users\Frosina\Documents\LPCXpresso_8.2.2_650\workspace\Lib_EaBaseBoard\Debug\libLib_EaBaseBoard.a(oled.o) (font5x7)
C:\Users\Frosina\Documents\LPCXpresso_8.2.2_650\workspace\Lib_MCU\Debug\libLib_MCU.a(lpc17xx_adc.o)
                              ./src/main.o (ADC_Init)
C:\Users\Frosina\Documents\LPCXpresso_8.2.2_650\workspace\Lib_MCU\Debug\libLib_MCU.a(lpc17xx_clkpwr.o)
                              C:\Users\Frosina\Documents\LPCXpresso_8.2.2_650\workspace\Lib_MCU\Debug\libLib_MCU.a(lpc17xx_adc.o) (CLKPWR_GetPCLK)
C:\Users\Frosina\Documents\LPCXpresso_8.2.2_650\workspace\Lib_MCU\Debug\libLib_MCU.a(lpc17xx_gpio.o)
                              ./src/main.o (GPIO_SetDir)
C:\Users\Frosina\Documents\LPCXpresso_8.2.2_650\workspace\Lib_MCU\Debug\libLib_MCU.a(lpc17xx_i2c.o)
                              ./src/main.o (I2C_Init)
C:\Users\Frosina\Documents\LPCXpresso_8.2.2_650\workspace\Lib_MCU\Debug\libLib_MCU.a(lpc17xx_pinsel.o)
                              ./src/main.o (PINSEL_ConfigPin)
C:\Users\Frosina\Documents\LPCXpresso_8.2.2_650\workspace\Lib_MCU\Debug\libLib_MCU.a(lpc17xx_ssp.o)
                              ./src/main.o (SSP_Init)
C:\Users\Frosina\Documents\LPCXpresso_8.2.2_650\workspace\Lib_MCU\Debug\libLib_MCU.a(lpc17xx_timer.o)
                              ./src/main.o (Timer0_Wait)
c:/nxp/lpcxpresso_8.2.2_650/lpcxpresso/tools/bin/../lib/gcc/arm-none-eabi/5.4.1/armv7-m\libgcc.a(_arm_addsubsf3.o)
                              ./src/oled_graphing.o (__aeabi_i2f)
c:/nxp/lpcxpresso_8.2.2_650/lpcxpresso/tools/bin/../lib/gcc/arm-none-eabi/5.4.1/armv7-m\libgcc.a(_arm_muldivsf3.o)
                              ./src/oled_graphing.o (__aeabi_fmul)
c:/nxp/lpcxpresso_8.2.2_650/lpcxpresso/tools/bin/../lib/gcc/arm-none-eabi/5.4.1/armv7-m\libgcc.a(_arm_cmpsf2.o)
                              ./src/oled_graphing.o (__aeabi_fcmplt)
c:/nxp/lpcxpresso_8.2.2_650/lpcxpresso/tools/bin/../lib/gcc/arm-none-eabi/5.4.1/armv7-m\libgcc.a(_arm_fixunssfsi.o)
                              ./src/oled_graphing.o (__aeabi_f2uiz)
c:/nxp/lpcxpresso_8.2.2_650/lpcxpresso/tools/bin/../lib/gcc/arm-none-eabi/5.4.1/armv7-m\libgcc.a(_aeabi_uldivmod.o)
                              C:\Users\Frosina\Documents\LPCXpresso_8.2.2_650\workspace\Lib_CMSISv1p30_LPC17xx\Debug\libCMSISv1p30_LPC17xx.a(system_LPC17xx.o) (__aeabi_uldivmod)
c:/nxp/lpcxpresso_8.2.2_650/lpcxpresso/tools/bin/../lib/gcc/arm-none-eabi/5.4.1/armv7-m\libgcc.a(_udivmoddi4.o)
                              c:/nxp/lpcxpresso_8.2.2_650/lpcxpresso/tools/bin/../lib/gcc/arm-none-eabi/5.4.1/armv7-m\libgcc.a(_aeabi_uldivmod.o) (__udivmoddi4)
c:/nxp/lpcxpresso_8.2.2_650/lpcxpresso/tools/bin/../lib/gcc/arm-none-eabi/5.4.1/armv7-m\libgcc.a(_dvmd_tls.o)
                              c:/nxp/lpcxpresso_8.2.2_650/lpcxpresso/tools/bin/../lib/gcc/arm-none-eabi/5.4.1/armv7-m\libgcc.a(_aeabi_uldivmod.o) (__aeabi_ldiv0)
c:/nxp/lpcxpresso_8.2.2_650/lpcxpresso/tools/bin/../lib/gcc/arm-none-eabi/5.4.1/../../../../arm-none-eabi/lib/armv7-m\libc.a(lib_a-memcpy.o)
                              C:\Users\Frosina\Documents\LPCXpresso_8.2.2_650\workspace\Lib_EaBaseBoard\Debug\libLib_EaBaseBoard.a(eeprom.o) (memcpy)
[...]
Memory Configuration

Name             Origin             Length             Attributes
MFlash512        0x00000000         0x00080000         xr
RamLoc32         0x10000000         0x00008000         xrw
RamAHB32         0x2007c000         0x00008000         xrw
*default*        0x00000000         0xffffffff

Linker script and memory map

LOAD ./src/cr_startup_lpc17.o
LOAD ./src/main.o
LOAD ./src/oled_graphing.o
LOAD C:\Users\Frosina\Documents\LPCXpresso_8.2.2_650\workspace\Lib_CMSISv1p30_LPC17xx\Debug\libCMSISv1p30_LPC17xx.a
LOAD C:\Users\Frosina\Documents\LPCXpresso_8.2.2_650\workspace\Lib_EaBaseBoard\Debug\libLib_EaBaseBoard.a
LOAD C:\Users\Frosina\Documents\LPCXpresso_8.2.2_650\workspace\Lib_MCU\Debug\libLib_MCU.a
START GROUP
LOAD c:/nxp/lpcxpresso_8.2.2_650/lpcxpresso/tools/bin/../lib/gcc/arm-none-eabi/5.4.1/armv7-m\libgcc.a
LOAD c:/nxp/lpcxpresso_8.2.2_650/lpcxpresso/tools/bin/../lib/gcc/arm-none-eabi/5.4.1/../../../../arm-none-eabi/lib/armv7-m\libc.a
LOAD c:/nxp/lpcxpresso_8.2.2_650/lpcxpresso/tools/bin/../lib/gcc/arm-none-eabi/5.4.1/../../../../arm-none-eabi/lib/armv7-m\libm.a
LOAD c:/nxp/lpcxpresso_8.2.2_650/lpcxpresso/tools/bin/../lib/gcc/arm-none-eabi/5.4.1/../../../../arm-none-eabi/lib/armv7-m\libcr_newlib_semihost.a
END GROUP
                0x00000000                __base_MFlash512 = 0x0
                0x00000000                __base_Flash = 0x0
                0x00080000                __top_MFlash512 = 0x80000
                0x00080000                __top_Flash = 0x80000
                0x10000000                __base_RamLoc32 = 0x10000000
                0x10000000                __base_RAM = 0x10000000
                0x10008000                __top_RamLoc32 = 0x10008000
                0x10008000                __top_RAM = 0x10008000
                0x2007c000                __base_RamAHB32 = 0x2007c000
                0x2007c000                __base_RAM2 = 0x2007c000
                0x20084000                __top_RamAHB32 = 0x20084000
                0x20084000                __top_RAM2 = 0x20084000

.text           0x00000000     0x4c44
 FILL mask 0xff
                0x00000000                __vectors_start__ = ABSOLUTE (.)
 *(.isr_vector)
 .isr_vector    0x00000000       0xcc ./src/cr_startup_lpc17.o
                0x00000000                g_pfnVectors
                0x000000cc                . = ALIGN (0x4)
                0x000000cc                __section_table_start = .
                0x000000cc                __data_section_table = .
                0x000000cc        0x4 LONG 0x4c4c LOADADDR (.data)
                0x000000d0        0x4 LONG 0x10000000 ADDR (.data)
                0x000000d4        0x4 LONG 0x9c SIZEOF (.data)
                0x000000d8        0x4 LONG 0x4c4c LOADADDR (.data_RAM2)
                0x000000dc        0x4 LONG 0x2007c000 ADDR (.data_RAM2)
                0x000000e0        0x4 LONG 0x0 SIZEOF (.data_RAM2)
                0x000000e4                __data_section_table_end = .
                0x000000e4                __bss_section_table = .
                0x000000e4        0x4 LONG 0x1000009c ADDR (.bss)
                0x000000e8        0x4 LONG 0x3d0 SIZEOF (.bss)
                0x000000ec        0x4 LONG 0x2007c000 ADDR (.bss_RAM2)
                0x000000f0        0x4 LONG 0x0 SIZEOF (.bss_RAM2)
                0x000000f4                __bss_section_table_end = .
                0x000000f4                __section_table_end = .
 *(.after_vectors*)
 *(.text*)
 .text.ResetISR
                0x000000f4       0x58 ./src/cr_startup_lpc17.o
                0x000000f4                ResetISR
 .text.NMI_Handler
                0x0000014c        0x8 ./src/cr_startup_lpc17.o
                0x0000014c                NMI_Handler
 .text.HardFault_Handler
                0x00000154        0x8 ./src/cr_startup_lpc17.o
                0x00000154                HardFault_Handler
 .text.MemManage_Handler
                0x0000015c        0x8 ./src/cr_startup_lpc17.o
                0x0000015c                MemManage_Handler
 .text.BusFault_Handler
                0x00000164        0x8 ./src/cr_startup_lpc17.o
                0x00000164                BusFault_Handler
 .text.UsageFault_Handler
                0x0000016c        0x8 ./src/cr_startup_lpc17.o
                0x0000016c                UsageFault_Handler
 .text.SVCall_Handler
                0x00000174        0x8 ./src/cr_startup_lpc17.o
                0x00000174                SVCall_Handler
 .text.DebugMon_Handler
                0x0000017c        0x8 ./src/cr_startup_lpc17.o
                0x0000017c                DebugMon_Handler
 .text.PendSV_Handler
                0x00000184        0x8 ./src/cr_startup_lpc17.o
                0x00000184                PendSV_Handler
 .text.IntDefaultHandler
                0x0000018c        0x8 ./src/cr_startup_lpc17.o
                0x0000018c                TIMER2_IRQHandler
                0x0000018c                RIT_IRQHandler
                0x0000018c                I2C0_IRQHandler
                0x0000018c                USBActivity_IRQHandler
                0x0000018c                PWM1_IRQHandler
                0x0000018c                I2C1_IRQHandler
                0x0000018c                EINT2_IRQHandler
                0x0000018c                UART1_IRQHandler
                0x0000018c                EINT3_IRQHandler
                0x0000018c                CANActivity_IRQHandler
                0x0000018c                TIMER3_IRQHandler
                0x0000018c                UART0_IRQHandler
                0x0000018c                IntDefaultHandler
                0x0000018c                PLL0_IRQHandler
                0x0000018c                CAN_IRQHandler
                0x0000018c                PLL1_IRQHandler
                0x0000018c                SSP0_IRQHandler
                0x0000018c                I2S_IRQHandler
                0x0000018c                I2C2_IRQHandler
                0x0000018c                RTC_IRQHandler
                0x0000018c                TIMER0_IRQHandler
                0x0000018c                SPI_IRQHandler
                0x0000018c                EINT1_IRQHandler
                0x0000018c                TIMER1_IRQHandler
                0x0000018c                UART2_IRQHandler
                0x0000018c                ADC_IRQHandler
                0x0000018c                SSP1_IRQHandler
                0x0000018c                USB_IRQHandler
                0x0000018c                BOD_IRQHandler
                0x0000018c                WDT_IRQHandler
                0x0000018c                QEI_IRQHandler
                0x0000018c                EINT0_IRQHandler
                0x0000018c                DMA_IRQHandler
                0x0000018c                UART3_IRQHandler
                0x0000018c                MCPWM_IRQHandler
                0x0000018c                ENET_IRQHandler
 .text.NVIC_SetPriority
                0x00000194       0x54 ./src/main.o
 .text.SysTick_Config
                0x000001e8       0x44 ./src/main.o
 .text.intToString
                0x0000022c       0xc8 ./src/main.o
 .text.init_ssp
                0x000002f4       0x78 ./src/main.o
 .text.init_i2c
                0x0000036c       0x48 ./src/main.o
 .text.init_adc
                0x000003b4       0x50 ./src/main.o
 .text.SysTick_Handler
                0x00000404       0x1c ./src/main.o
                0x00000404                SysTick_Handler
 .text.getTicks
                0x00000420       0x14 ./src/main.o
 .text.change7Seg
                0x00000434       0x44 ./src/main.o
 .text.playNote
                0x00000478       0x68 ./src/main.o
 .text.getNote  0x000004e0       0x4c ./src/main.o
 .text.fill_buffer
                0x0000052c       0x48 ./src/main.o
                0x0000052c                fill_buffer
 .text.write_to_eeprom
                0x00000574       0x78 ./src/main.o
                0x00000574                write_to_eeprom
 .text.read_from_eeprom
                0x000005ec       0x84 ./src/main.o
                0x000005ec                read_from_eeprom
 .text.main     0x00000670      0x614 ./src/main.o
                0x00000670                main
 .text.check_failed
                0x00000c84        0xc ./src/main.o
                0x00000c84                check_failed
 .text.draw_graph_outline
                0x00000c90       0xe8 ./src/oled_graphing.o
                0x00000c90                draw_graph_outline
 .text.draw_data
                0x00000d78      0x1c0 ./src/oled_graphing.o
                0x00000d78                draw_data
 .text.SystemInit
                0x00000f38      0x140 C:\Users\Frosina\Documents\LPCXpresso_8.2.2_650\workspace\Lib_CMSISv1p30_LPC17xx\Debug\libCMSISv1p30_LPC17xx.a(system_LPC17xx.o)
                0x00000f38                SystemInit
 .text.I2CRead  0x00001078       0x50 C:\Users\Frosina\Documents\LPCXpresso_8.2.2_650\workspace\Lib_EaBaseBoard\Debug\libLib_EaBaseBoard.a(eeprom.o)
 .text.I2CWrite
                0x000010c8       0x50 C:\Users\Frosina\Documents\LPCXpresso_8.2.2_650\workspace\Lib_EaBaseBoard\Debug\libLib_EaBaseBoard.a(eeprom.o)
 .text.eepromDelay
                0x00001118       0x28 C:\Users\Frosina\Documents\LPCXpresso_8.2.2_650\workspace\Lib_EaBaseBoard\Debug\libLib_EaBaseBoard.a(eeprom.o)
 .text.eeprom_init
                0x00001140        0xc C:\Users\Frosina\Documents\LPCXpresso_8.2.2_650\workspace\Lib_EaBaseBoard\Debug\libLib_EaBaseBoard.a(eeprom.o)
                0x00001140                eeprom_init
 .text.eeprom_read
                0x0000114c       0x84 C:\Users\Frosina\Documents\LPCXpresso_8.2.2_650\workspace\Lib_EaBaseBoard\Debug\libLib_EaBaseBoard.a(eeprom.o)
                0x0000114c                eeprom_read
 .text.eeprom_write
                0x000011d0       0xf4 C:\Users\Frosina\Documents\LPCXpresso_8.2.2_650\workspace\Lib_EaBaseBoard\Debug\libLib_EaBaseBoard.a(eeprom.o)
                0x000011d0                eeprom_write
 .text.joystick_init
                0x000012c4       0x20 C:\Users\Frosina\Documents\LPCXpresso_8.2.2_650\workspace\Lib_EaBaseBoard\Debug\libLib_EaBaseBoard.a(joystick.o)
                0x000012c4                joystick_init
 .text.joystick_read
                0x000012e4       0x88 C:\Users\Frosina\Documents\LPCXpresso_8.2.2_650\workspace\Lib_EaBaseBoard\Debug\libLib_EaBaseBoard.a(joystick.o)
                0x000012e4                joystick_read
 .text.led7seg_init
                0x0000136c       0x1c C:\Users\Frosina\Documents\LPCXpresso_8.2.2_650\workspace\Lib_EaBaseBoard\Debug\libLib_EaBaseBoard.a(led7seg.o)
                0x0000136c                led7seg_init
 .text.led7seg_setChar
                0x00001388       0x74 C:\Users\Frosina\Documents\LPCXpresso_8.2.2_650\workspace\Lib_EaBaseBoard\Debug\libLib_EaBaseBoard.a(led7seg.o)
                0x00001388                led7seg_setChar
 .text.I2CRead  0x000013fc       0x50 C:\Users\Frosina\Documents\LPCXpresso_8.2.2_650\workspace\Lib_EaBaseBoard\Debug\libLib_EaBaseBoard.a(light.o)
 .text.I2CWrite
                0x0000144c       0x50 C:\Users\Frosina\Documents\LPCXpresso_8.2.2_650\workspace\Lib_EaBaseBoard\Debug\libLib_EaBaseBoard.a(light.o)
 .text.readControlReg
                0x0000149c       0x2c C:\Users\Frosina\Documents\LPCXpresso_8.2.2_650\workspace\Lib_EaBaseBoard\Debug\libLib_EaBaseBoard.a(light.o)
 .text.light_init
                0x000014c8        0xc C:\Users\Frosina\Documents\LPCXpresso_8.2.2_650\workspace\Lib_EaBaseBoard\Debug\libLib_EaBaseBoard.a(light.o)
                0x000014c8                light_init
 .text.light_enable
                0x000014d4       0x3c C:\Users\Frosina\Documents\LPCXpresso_8.2.2_650\workspace\Lib_EaBaseBoard\Debug\libLib_EaBaseBoard.a(light.o)
                0x000014d4                light_enable
 .text.light_read
                0x00001510       0x74 C:\Users\Frosina\Documents\LPCXpresso_8.2.2_650\workspace\Lib_EaBaseBoard\Debug\libLib_EaBaseBoard.a(light.o)
                0x00001510                light_read
 .text.light_setRange
                0x00001584       0x90 C:\Users\Frosina\Documents\LPCXpresso_8.2.2_650\workspace\Lib_EaBaseBoard\Debug\libLib_EaBaseBoard.a(light.o)
                0x00001584                light_setRange
 .text.writeCommand
                0x00001614       0x48 C:\Users\Frosina\Documents\LPCXpresso_8.2.2_650\workspace\Lib_EaBaseBoard\Debug\libLib_EaBaseBoard.a(oled.o)
 .text.writeData
                0x0000165c       0x48 C:\Users\Frosina\Documents\LPCXpresso_8.2.2_650\workspace\Lib_EaBaseBoard\Debug\libLib_EaBaseBoard.a(oled.o)
 .text.writeDataLen
                0x000016a4       0x78 C:\Users\Frosina\Documents\LPCXpresso_8.2.2_650\workspace\Lib_EaBaseBoard\Debug\libLib_EaBaseBoard.a(oled.o)
 .text.runInitSequence
                0x0000171c       0xd4 C:\Users\Frosina\Documents\LPCXpresso_8.2.2_650\workspace\Lib_EaBaseBoard\Debug\libLib_EaBaseBoard.a(oled.o)
 .text.hLine    0x000017f0       0x58 C:\Users\Frosina\Documents\LPCXpresso_8.2.2_650\workspace\Lib_EaBaseBoard\Debug\libLib_EaBaseBoard.a(oled.o)
 .text.vLine    0x00001848       0x58 C:\Users\Frosina\Documents\LPCXpresso_8.2.2_650\workspace\Lib_EaBaseBoard\Debug\libLib_EaBaseBoard.a(oled.o)
 .text.oled_init
                0x000018a0       0x74 C:\Users\Frosina\Documents\LPCXpresso_8.2.2_650\workspace\Lib_EaBaseBoard\Debug\libLib_EaBaseBoard.a(oled.o)
                0x000018a0                oled_init
 .text.oled_putPixel
                0x00001914      0x150 C:\Users\Frosina\Documents\LPCXpresso_8.2.2_650\workspace\Lib_EaBaseBoard\Debug\libLib_EaBaseBoard.a(oled.o)
                0x00001914                oled_putPixel
 .text.oled_line
                0x00001a64      0x1b8 C:\Users\Frosina\Documents\LPCXpresso_8.2.2_650\workspace\Lib_EaBaseBoard\Debug\libLib_EaBaseBoard.a(oled.o)
                0x00001a64                oled_line
 .text.oled_circle
                0x00001c1c      0x340 C:\Users\Frosina\Documents\LPCXpresso_8.2.2_650\workspace\Lib_EaBaseBoard\Debug\libLib_EaBaseBoard.a(oled.o)
                0x00001c1c                oled_circle
 .text.oled_fillRect
                0x00001f5c       0xa0 C:\Users\Frosina\Documents\LPCXpresso_8.2.2_650\workspace\Lib_EaBaseBoard\Debug\libLib_EaBaseBoard.a(oled.o)
                0x00001f5c                oled_fillRect
 .text.oled_clearScreen
                0x00001ffc       0x64 C:\Users\Frosina\Documents\LPCXpresso_8.2.2_650\workspace\Lib_EaBaseBoard\Debug\libLib_EaBaseBoard.a(oled.o)
                0x00001ffc                oled_clearScreen
 .text.oled_putChar
                0x00002060       0xd8 C:\Users\Frosina\Documents\LPCXpresso_8.2.2_650\workspace\Lib_EaBaseBoard\Debug\libLib_EaBaseBoard.a(oled.o)
                0x00002060                oled_putChar
 .text.oled_putString
                0x00002138       0x54 C:\Users\Frosina\Documents\LPCXpresso_8.2.2_650\workspace\Lib_EaBaseBoard\Debug\libLib_EaBaseBoard.a(oled.o)
                0x00002138                oled_putString
 .text.pca9532_init
                0x0000218c        0xc C:\Users\Frosina\Documents\LPCXpresso_8.2.2_650\workspace\Lib_EaBaseBoard\Debug\libLib_EaBaseBoard.a(pca9532.o)
                0x0000218c                pca9532_init
 .text.rotary_init
                0x00002198       0x14 C:\Users\Frosina\Documents\LPCXpresso_8.2.2_650\workspace\Lib_EaBaseBoard\Debug\libLib_EaBaseBoard.a(rotary.o)
                0x00002198                rotary_init
 .text.temp_init
                0x000021ac       0x24 C:\Users\Frosina\Documents\LPCXpresso_8.2.2_650\workspace\Lib_EaBaseBoard\Debug\libLib_EaBaseBoard.a(temp.o)
                0x000021ac                temp_init
 .text.temp_read
                0x000021d0       0xf0 C:\Users\Frosina\Documents\LPCXpresso_8.2.2_650\workspace\Lib_EaBaseBoard\Debug\libLib_EaBaseBoard.a(temp.o)
                0x000021d0                temp_read
 .text.ADC_Init
                0x000022c0       0x90 C:\Users\Frosina\Documents\LPCXpresso_8.2.2_650\workspace\Lib_MCU\Debug\libLib_MCU.a(lpc17xx_adc.o)
                0x000022c0                ADC_Init
 .text.ADC_StartCmd
                0x00002350       0x80 C:\Users\Frosina\Documents\LPCXpresso_8.2.2_650\workspace\Lib_MCU\Debug\libLib_MCU.a(lpc17xx_adc.o)
                0x00002350                ADC_StartCmd
 .text.ADC_IntConfig
                0x000023d0       0x9c C:\Users\Frosina\Documents\LPCXpresso_8.2.2_650\workspace\Lib_MCU\Debug\libLib_MCU.a(lpc17xx_adc.o)
                0x000023d0                ADC_IntConfig
 .text.ADC_ChannelCmd
                0x0000246c       0x60 C:\Users\Frosina\Documents\LPCXpresso_8.2.2_650\workspace\Lib_MCU\Debug\libLib_MCU.a(lpc17xx_adc.o)
                0x0000246c                ADC_ChannelCmd
 .text.ADC_ChannelGetData
                0x000024cc       0x4c C:\Users\Frosina\Documents\LPCXpresso_8.2.2_650\workspace\Lib_MCU\Debug\libLib_MCU.a(lpc17xx_adc.o)
                0x000024cc                ADC_ChannelGetData
 .text.ADC_ChannelGetStatus
                0x00002518       0x7c C:\Users\Frosina\Documents\LPCXpresso_8.2.2_650\workspace\Lib_MCU\Debug\libLib_MCU.a(lpc17xx_adc.o)
                0x00002518                ADC_ChannelGetStatus
 .text.CLKPWR_SetPCLKDiv
                0x00002594       0x8c C:\Users\Frosina\Documents\LPCXpresso_8.2.2_650\workspace\Lib_MCU\Debug\libLib_MCU.a(lpc17xx_clkpwr.o)
                0x00002594                CLKPWR_SetPCLKDiv
 .text.CLKPWR_GetPCLKSEL
                0x00002620       0x48 C:\Users\Frosina\Documents\LPCXpresso_8.2.2_650\workspace\Lib_MCU\Debug\libLib_MCU.a(lpc17xx_clkpwr.o)
                0x00002620                CLKPWR_GetPCLKSEL
 .text.CLKPWR_GetPCLK
                0x00002668       0x64 C:\Users\Frosina\Documents\LPCXpresso_8.2.2_650\workspace\Lib_MCU\Debug\libLib_MCU.a(lpc17xx_clkpwr.o)
                0x00002668                CLKPWR_GetPCLK
 .text.CLKPWR_ConfigPPWR
                0x000026cc       0x58 C:\Users\Frosina\Documents\LPCXpresso_8.2.2_650\workspace\Lib_MCU\Debug\libLib_MCU.a(lpc17xx_clkpwr.o)
                0x000026cc                CLKPWR_ConfigPPWR
 .text.GPIO_GetPointer
                0x00002724       0x70 C:\Users\Frosina\Documents\LPCXpresso_8.2.2_650\workspace\Lib_MCU\Debug\libLib_MCU.a(lpc17xx_gpio.o)
 .text.GPIO_SetDir
                0x00002794       0x4c C:\Users\Frosina\Documents\LPCXpresso_8.2.2_650\workspace\Lib_MCU\Debug\libLib_MCU.a(lpc17xx_gpio.o)
                0x00002794                GPIO_SetDir
 .text.GPIO_SetValue
                0x000027e0       0x2c C:\Users\Frosina\Documents\LPCXpresso_8.2.2_650\workspace\Lib_MCU\Debug\libLib_MCU.a(lpc17xx_gpio.o)
                0x000027e0                GPIO_SetValue
 .text.GPIO_ClearValue
                0x0000280c       0x2c C:\Users\Frosina\Documents\LPCXpresso_8.2.2_650\workspace\Lib_MCU\Debug\libLib_MCU.a(lpc17xx_gpio.o)
                0x0000280c                GPIO_ClearValue
 .text.GPIO_ReadValue
                0x00002838       0x2c C:\Users\Frosina\Documents\LPCXpresso_8.2.2_650\workspace\Lib_MCU\Debug\libLib_MCU.a(lpc17xx_gpio.o)
                0x00002838                GPIO_ReadValue
 .text.NVIC_EnableIRQ
                0x00002864       0x30 C:\Users\Frosina\Documents\LPCXpresso_8.2.2_650\workspace\Lib_MCU\Debug\libLib_MCU.a(lpc17xx_i2c.o)
 .text.NVIC_DisableIRQ
                0x00002894       0x34 C:\Users\Frosina\Documents\LPCXpresso_8.2.2_650\workspace\Lib_MCU\Debug\libLib_MCU.a(lpc17xx_i2c.o)
 .text.I2C_getNum
                0x000028c8       0x48 C:\Users\Frosina\Documents\LPCXpresso_8.2.2_650\workspace\Lib_MCU\Debug\libLib_MCU.a(lpc17xx_i2c.o)
 .text.I2C_Start
                0x00002910       0x3c C:\Users\Frosina\Documents\LPCXpresso_8.2.2_650\workspace\Lib_MCU\Debug\libLib_MCU.a(lpc17xx_i2c.o)
 .text.I2C_Stop
                0x0000294c       0x30 C:\Users\Frosina\Documents\LPCXpresso_8.2.2_650\workspace\Lib_MCU\Debug\libLib_MCU.a(lpc17xx_i2c.o)
 .text.I2C_SendByte
                0x0000297c       0x4c C:\Users\Frosina\Documents\LPCXpresso_8.2.2_650\workspace\Lib_MCU\Debug\libLib_MCU.a(lpc17xx_i2c.o)
 .text.I2C_GetByte
                0x000029c8       0x54 C:\Users\Frosina\Documents\LPCXpresso_8.2.2_650\workspace\Lib_MCU\Debug\libLib_MCU.a(lpc17xx_i2c.o)
 .text.I2C_SetClock
                0x00002a1c       0xa4 C:\Users\Frosina\Documents\LPCXpresso_8.2.2_650\workspace\Lib_MCU\Debug\libLib_MCU.a(lpc17xx_i2c.o)
 .text.I2C_Init
                0x00002ac0       0xa4 C:\Users\Frosina\Documents\LPCXpresso_8.2.2_650\workspace\Lib_MCU\Debug\libLib_MCU.a(lpc17xx_i2c.o)
                0x00002ac0                I2C_Init
 .text.I2C_Cmd  0x00002b64       0x70 C:\Users\Frosina\Documents\LPCXpresso_8.2.2_650\workspace\Lib_MCU\Debug\libLib_MCU.a(lpc17xx_i2c.o)
                0x00002b64                I2C_Cmd
 .text.I2C_IntCmd
                0x00002bd4       0x88 C:\Users\Frosina\Documents\LPCXpresso_8.2.2_650\workspace\Lib_MCU\Debug\libLib_MCU.a(lpc17xx_i2c.o)
                0x00002bd4                I2C_IntCmd
 .text.I2C_MasterTransferData
                0x00002c5c      0x2cc C:\Users\Frosina\Documents\LPCXpresso_8.2.2_650\workspace\Lib_MCU\Debug\libLib_MCU.a(lpc17xx_i2c.o)
                0x00002c5c                I2C_MasterTransferData
 .text.set_PinFunc
                0x00002f28       0x84 C:\Users\Frosina\Documents\LPCXpresso_8.2.2_650\workspace\Lib_MCU\Debug\libLib_MCU.a(lpc17xx_pinsel.o)
 .text.set_ResistorMode
                0x00002fac       0x84 C:\Users\Frosina\Documents\LPCXpresso_8.2.2_650\workspace\Lib_MCU\Debug\libLib_MCU.a(lpc17xx_pinsel.o)
 .text.set_OpenDrainMode
                0x00003030       0x6c C:\Users\Frosina\Documents\LPCXpresso_8.2.2_650\workspace\Lib_MCU\Debug\libLib_MCU.a(lpc17xx_pinsel.o)
 .text.PINSEL_ConfigPin
                0x0000309c       0x48 C:\Users\Frosina\Documents\LPCXpresso_8.2.2_650\workspace\Lib_MCU\Debug\libLib_MCU.a(lpc17xx_pinsel.o)
                0x0000309c                PINSEL_ConfigPin
 .text.setSSPclock
                0x000030e4       0xc4 C:\Users\Frosina\Documents\LPCXpresso_8.2.2_650\workspace\Lib_MCU\Debug\libLib_MCU.a(lpc17xx_ssp.o)
 .text.SSP_Init
                0x000031a8       0x9c C:\Users\Frosina\Documents\LPCXpresso_8.2.2_650\workspace\Lib_MCU\Debug\libLib_MCU.a(lpc17xx_ssp.o)
                0x000031a8                SSP_Init
 .text.SSP_GetDataSize
                0x00003244       0x40 C:\Users\Frosina\Documents\LPCXpresso_8.2.2_650\workspace\Lib_MCU\Debug\libLib_MCU.a(lpc17xx_ssp.o)
                0x00003244                SSP_GetDataSize
 .text.SSP_ConfigStructInit
                0x00003284       0x3c C:\Users\Frosina\Documents\LPCXpresso_8.2.2_650\workspace\Lib_MCU\Debug\libLib_MCU.a(lpc17xx_ssp.o)
                0x00003284                SSP_ConfigStructInit
 .text.SSP_Cmd  0x000032c0       0x6c C:\Users\Frosina\Documents\LPCXpresso_8.2.2_650\workspace\Lib_MCU\Debug\libLib_MCU.a(lpc17xx_ssp.o)
                0x000032c0                SSP_Cmd
 .text.SSP_SendData
                0x0000332c       0x40 C:\Users\Frosina\Documents\LPCXpresso_8.2.2_650\workspace\Lib_MCU\Debug\libLib_MCU.a(lpc17xx_ssp.o)
                0x0000332c                SSP_SendData
 .text.SSP_ReceiveData
                0x0000336c       0x3c C:\Users\Frosina\Documents\LPCXpresso_8.2.2_650\workspace\Lib_MCU\Debug\libLib_MCU.a(lpc17xx_ssp.o)
                0x0000336c                SSP_ReceiveData
 .text.SSP_ReadWrite
                0x000033a8      0x350 C:\Users\Frosina\Documents\LPCXpresso_8.2.2_650\workspace\Lib_MCU\Debug\libLib_MCU.a(lpc17xx_ssp.o)
                0x000033a8                SSP_ReadWrite
 .text.getPClock
                0x000036f8       0x58 C:\Users\Frosina\Documents\LPCXpresso_8.2.2_650\workspace\Lib_MCU\Debug\libLib_MCU.a(lpc17xx_timer.o)
 .text.converUSecToVal
                0x00003750       0x58 C:\Users\Frosina\Documents\LPCXpresso_8.2.2_650\workspace\Lib_MCU\Debug\libLib_MCU.a(lpc17xx_timer.o)
 .text.converPtrToTimeNum
                0x000037a8       0x5c C:\Users\Frosina\Documents\LPCXpresso_8.2.2_650\workspace\Lib_MCU\Debug\libLib_MCU.a(lpc17xx_timer.o)
 .text.TIM_GetIntStatus
                0x00003804       0x98 C:\Users\Frosina\Documents\LPCXpresso_8.2.2_650\workspace\Lib_MCU\Debug\libLib_MCU.a(lpc17xx_timer.o)
                0x00003804                TIM_GetIntStatus
 .text.TIM_ClearIntPending
                0x0000389c       0x88 C:\Users\Frosina\Documents\LPCXpresso_8.2.2_650\workspace\Lib_MCU\Debug\libLib_MCU.a(lpc17xx_timer.o)
                0x0000389c                TIM_ClearIntPending
 .text.TIM_Init
                0x00003924      0x184 C:\Users\Frosina\Documents\LPCXpresso_8.2.2_650\workspace\Lib_MCU\Debug\libLib_MCU.a(lpc17xx_timer.o)
                0x00003924                TIM_Init
 .text.TIM_Cmd  0x00003aa8       0x70 C:\Users\Frosina\Documents\LPCXpresso_8.2.2_650\workspace\Lib_MCU\Debug\libLib_MCU.a(lpc17xx_timer.o)
                0x00003aa8                TIM_Cmd
 .text.TIM_ConfigMatch
                0x00003b18      0x184 C:\Users\Frosina\Documents\LPCXpresso_8.2.2_650\workspace\Lib_MCU\Debug\libLib_MCU.a(lpc17xx_timer.o)
                0x00003b18                TIM_ConfigMatch
 .text.Timer0_Wait
                0x00003c9c       0x78 C:\Users\Frosina\Documents\LPCXpresso_8.2.2_650\workspace\Lib_MCU\Debug\libLib_MCU.a(lpc17xx_timer.o)
                0x00003c9c                Timer0_Wait
 .text.Timer0_us_Wait
                0x00003d14       0x74 C:\Users\Frosina\Documents\LPCXpresso_8.2.2_650\workspace\Lib_MCU\Debug\libLib_MCU.a(lpc17xx_timer.o)
                0x00003d14                Timer0_us_Wait
 .text          0x00003d88      0x21c c:/nxp/lpcxpresso_8.2.2_650/lpcxpresso/tools/bin/../lib/gcc/arm-none-eabi/5.4.1/armv7-m\libgcc.a(_arm_addsubsf3.o)
                0x00003d88                __aeabi_frsub
                0x00003d90                __subsf3
                0x00003d90                __aeabi_fsub
                0x00003d94                __aeabi_fadd
                0x00003d94                __addsf3
                0x00003ef4                __aeabi_ui2f
                0x00003ef4                __floatunsisf
                0x00003efc                __aeabi_i2f
                0x00003efc                __floatsisf
                0x00003f18                __aeabi_ul2f
                0x00003f18                __floatundisf
                0x00003f28                __aeabi_l2f
                0x00003f28                __floatdisf
 .text          0x00003fa4      0x2a0 c:/nxp/lpcxpresso_8.2.2_650/lpcxpresso/tools/bin/../lib/gcc/arm-none-eabi/5.4.1/armv7-m\libgcc.a(_arm_muldivsf3.o)
                0x00003fa4                __mulsf3
                0x00003fa4                __aeabi_fmul
                0x0000410c                __aeabi_fdiv
                0x0000410c                __divsf3
 .text          0x00004244       0xec c:/nxp/lpcxpresso_8.2.2_650/lpcxpresso/tools/bin/../lib/gcc/arm-none-eabi/5.4.1/armv7-m\libgcc.a(_arm_cmpsf2.o)
                0x00004244                __gesf2
                0x00004244                __gtsf2
                0x0000424c                __lesf2
                0x0000424c                __ltsf2
                0x00004254                __nesf2
                0x00004254                __eqsf2
                0x00004254                __cmpsf2
                0x000042b4                __aeabi_cfrcmple
                0x000042bc                __aeabi_cfcmpeq
                0x000042bc                __aeabi_cfcmple
                0x000042cc                __aeabi_fcmpeq
                0x000042e0                __aeabi_fcmplt
                0x000042f4                __aeabi_fcmple
                0x00004308                __aeabi_fcmpge
                0x0000431c                __aeabi_fcmpgt
 .text          0x00004330       0x40 c:/nxp/lpcxpresso_8.2.2_650/lpcxpresso/tools/bin/../lib/gcc/arm-none-eabi/5.4.1/armv7-m\libgcc.a(_arm_fixunssfsi.o)
                0x00004330                __fixunssfsi
                0x00004330                __aeabi_f2uiz
 .text          0x00004370       0x30 c:/nxp/lpcxpresso_8.2.2_650/lpcxpresso/tools/bin/../lib/gcc/arm-none-eabi/5.4.1/armv7-m\libgcc.a(_aeabi_uldivmod.o)
                0x00004370                __aeabi_uldivmod
 .text          0x000043a0      0x2ec c:/nxp/lpcxpresso_8.2.2_650/lpcxpresso/tools/bin/../lib/gcc/arm-none-eabi/5.4.1/armv7-m\libgcc.a(_udivmoddi4.o)
                0x000043a0                __udivmoddi4
 .text          0x0000468c        0x4 c:/nxp/lpcxpresso_8.2.2_650/lpcxpresso/tools/bin/../lib/gcc/arm-none-eabi/5.4.1/armv7-m\libgcc.a(_dvmd_tls.o)
                0x0000468c                __aeabi_idiv0
                0x0000468c                __aeabi_ldiv0
 .text          0x00004690       0xec c:/nxp/lpcxpresso_8.2.2_650/lpcxpresso/tools/bin/../lib/gcc/arm-none-eabi/5.4.1/../../../../arm-none-eabi/lib/armv7-m\libc.a(lib_a-memcpy.o)
                0x00004690                memcpy
 .text.memset   0x0000477c       0x9c c:/nxp/lpcxpresso_8.2.2_650/lpcxpresso/tools/bin/../lib/gcc/arm-none-eabi/5.4.1/../../../../arm-none-eabi/lib/armv7-m\libc.a(lib_a-memset.o)
                0x0000477c                memset
 *(.rodata .rodata.* .constdata .constdata.*)
 .rodata        0x00004818       0xc1 ./src/main.o
 *fill*         0x000048d9        0x3 ff
 .rodata        0x000048dc        0x8 C:\Users\Frosina\Documents\LPCXpresso_8.2.2_650\workspace\Lib_EaBaseBoard\Debug\libLib_EaBaseBoard.a(oled.o)
 .rodata        0x000048e4      0x300 C:\Users\Frosina\Documents\LPCXpresso_8.2.2_650\workspace\Lib_EaBaseBoard\Debug\libLib_EaBaseBoard.a(font5x7.o)
                0x000048e4                font5x7
 .rodata        0x00004be4       0x15 C:\Users\Frosina\Documents\LPCXpresso_8.2.2_650\workspace\Lib_MCU\Debug\libLib_MCU.a(lpc17xx_adc.o)
 *fill*         0x00004bf9        0x3 ff
 .rodata        0x00004bfc       0x15 C:\Users\Frosina\Documents\LPCXpresso_8.2.2_650\workspace\Lib_MCU\Debug\libLib_MCU.a(lpc17xx_i2c.o)
 *fill*         0x00004c11        0x3 ff
 .rodata        0x00004c14       0x15 C:\Users\Frosina\Documents\LPCXpresso_8.2.2_650\workspace\Lib_MCU\Debug\libLib_MCU.a(lpc17xx_ssp.o)
 *fill*         0x00004c29        0x3 ff
 .rodata        0x00004c2c       0x17 C:\Users\Frosina\Documents\LPCXpresso_8.2.2_650\workspace\Lib_MCU\Debug\libLib_MCU.a(lpc17xx_timer.o)
                0x00004c44                . = ALIGN (0x4)
 *fill*         0x00004c43        0x1 ff

.glue_7         0x00004c44        0x0
 .glue_7        0x00004c44        0x0 linker stubs

.glue_7t        0x00004c44        0x0
 .glue_7t       0x00004c44        0x0 linker stubs

.vfp11_veneer   0x00004c44        0x0
 .vfp11_veneer  0x00004c44        0x0 linker stubs

.v4_bx          0x00004c44        0x0
 .v4_bx         0x00004c44        0x0 linker stubs

.iplt           0x00004c44        0x0
 .iplt          0x00004c44        0x0 ./src/cr_startup_lpc17.o

.ARM.extab
 *(.ARM.extab* .gnu.linkonce.armextab.*)
                0x00004c44                __exidx_start = .

.ARM.exidx      0x00004c44        0x8
 *(.ARM.exidx* .gnu.linkonce.armexidx.*)
 .ARM.exidx     0x00004c44        0x8 c:/nxp/lpcxpresso_8.2.2_650/lpcxpresso/tools/bin/../lib/gcc/arm-none-eabi/5.4.1/armv7-m\libgcc.a(_udivmoddi4.o)
                0x00004c4c                __exidx_end = .
                0x00004c4c                _etext = .

.rel.dyn        0x00004c4c        0x0
 .rel.iplt      0x00004c4c        0x0 ./src/cr_startup_lpc17.o

.data_RAM2      0x2007c000        0x0 load address 0x00004c4c
 FILL mask 0xff
                [!provide]                PROVIDE (__start_data_RAM2, .)
 *(.ramfunc.$RAM2)
 *(.ramfunc.$RamAHB32)
 *(.data.$RAM2*)
 *(.data.$RamAHB32*)
                0x2007c000                . = ALIGN (0x4)
                [!provide]                PROVIDE (__end_data_RAM2, .)

.uninit_RESERVED
                0x10000000        0x0
 *(.bss.$RESERVED*)
                0x10000000                . = ALIGN (0x4)
                0x10000000                _end_uninit_RESERVED = .

.data           0x10000000       0x9c load address 0x00004c4c
 FILL mask 0xff
                0x10000000                _data = .
 *(vtable)
 *(.ramfunc*)
 *(.data*)
 .data          0x10000000       0x40 ./src/main.o
 .data          0x10000040        0x4 C:\Users\Frosina\Documents\LPCXpresso_8.2.2_650\workspace\Lib_CMSISv1p30_LPC17xx\Debug\libCMSISv1p30_LPC17xx.a(system_LPC17xx.o)
                0x10000040                SystemCoreClock
 .data          0x10000044       0x50 C:\Users\Frosina\Documents\LPCXpresso_8.2.2_650\workspace\Lib_EaBaseBoard\Debug\libLib_EaBaseBoard.a(led7seg.o)
 .data          0x10000094        0x8 C:\Users\Frosina\Documents\LPCXpresso_8.2.2_650\workspace\Lib_EaBaseBoard\Debug\libLib_EaBaseBoard.a(light.o)
                0x1000009c                . = ALIGN (0x4)
                0x1000009c                _edata = .

.igot.plt       0x1000009c        0x0 load address 0x00004ce8
 .igot.plt      0x1000009c        0x0 ./src/cr_startup_lpc17.o

.bss_RAM2       0x2007c000        0x0
                [!provide]                PROVIDE (__start_bss_RAM2, .)
 *(.bss.$RAM2*)
 *(.bss.$RamAHB32*)
                0x2007c000                . = ALIGN ((. != 0x0)?0x4:0x1)
                [!provide]                PROVIDE (__end_bss_RAM2, .)

.bss            0x1000009c      0x3d0
                0x1000009c                _bss = .
 *(.bss*)
 .bss           0x1000009c       0x94 ./src/main.o
 .bss           0x10000130      0x300 C:\Users\Frosina\Documents\LPCXpresso_8.2.2_650\workspace\Lib_EaBaseBoard\Debug\libLib_EaBaseBoard.a(oled.o)
 .bss           0x10000430        0x4 C:\Users\Frosina\Documents\LPCXpresso_8.2.2_650\workspace\Lib_EaBaseBoard\Debug\libLib_EaBaseBoard.a(temp.o)
 .bss           0x10000434       0x34 C:\Users\Frosina\Documents\LPCXpresso_8.2.2_650\workspace\Lib_MCU\Debug\libLib_MCU.a(lpc17xx_i2c.o)
 *(COMMON)
 COMMON         0x10000468        0x2 ./src/oled_graphing.o
                0x10000468                color_data
                0x10000469                color_bg_data
                0x1000046c                . = ALIGN (0x4)
 *fill*         0x1000046a        0x2 
                0x1000046c                _ebss = .
                [!provide]                PROVIDE (end, .)

.noinit_RAM2    0x2007c000        0x0
 *(.noinit.$RAM2*)
 *(.noinit.$RamAHB32*)
                0x2007c000                . = ALIGN (0x4)

.noinit         0x1000046c        0x0
                0x1000046c                _noinit = .
 *(.noinit*)
                0x1000046c                . = ALIGN (0x4)
                0x1000046c                _end_noinit = .
                [!provide]                PROVIDE (_pvHeapStart, DEFINED (__user_heap_base)?__user_heap_base:.)
                0x10008000                PROVIDE (_vStackTop, DEFINED (__user_stack_top)?__user_stack_top:(__top_RamLoc32 - 0x0))
                [!provide]                PROVIDE (__valid_user_code_checksum, (0x0 - ((((((_vStackTop + (ResetISR + 0x1)) + (NMI_Handler + 0x1)) + (HardFault_Handler + 0x1)) + (DEFINED (MemManage_Handler)?MemManage_Handler:0x0 + 0x1)) + (DEFINED (BusFault_Handler)?BusFault_Handler:0x0 + 0x1)) + (DEFINED (UsageFault_Handler)?UsageFault_Handler:0x0 + 0x1))))
OUTPUT(bnc_oled.axf elf32-littlearm)

.debug_info     0x00000000     0x6f43
 .debug_info    0x00000000      0x1b6 ./src/cr_startup_lpc17.o
 .debug_info    0x000001b6      0xe8f ./src/main.o
 .debug_info    0x00001045      0x253 ./src/oled_graphing.o
 .debug_info    0x00001298      0x2e3 C:\Users\Frosina\Documents\LPCXpresso_8.2.2_650\workspace\Lib_CMSISv1p30_LPC17xx\Debug\libCMSISv1p30_LPC17xx.a(system_LPC17xx.o)
 .debug_info    0x0000157b      0x476 C:\Users\Frosina\Documents\LPCXpresso_8.2.2_650\workspace\Lib_EaBaseBoard\Debug\libLib_EaBaseBoard.a(eeprom.o)
 .debug_info    0x000019f1       0xfa C:\Users\Frosina\Documents\LPCXpresso_8.2.2_650\workspace\Lib_EaBaseBoard\Debug\libLib_EaBaseBoard.a(joystick.o)
 .debug_info    0x00001aeb      0x244 C:\Users\Frosina\Documents\LPCXpresso_8.2.2_650\workspace\Lib_EaBaseBoard\Debug\libLib_EaBaseBoard.a(led7seg.o)
 .debug_info    0x00001d2f      0x6fb C:\Users\Frosina\Documents\LPCXpresso_8.2.2_650\workspace\Lib_EaBaseBoard\Debug\libLib_EaBaseBoard.a(light.o)
 .debug_info    0x0000242a      0x90b C:\Users\Frosina\Documents\LPCXpresso_8.2.2_650\workspace\Lib_EaBaseBoard\Debug\libLib_EaBaseBoard.a(oled.o)
 .debug_info    0x00002d35      0x5d6 C:\Users\Frosina\Documents\LPCXpresso_8.2.2_650\workspace\Lib_EaBaseBoard\Debug\libLib_EaBaseBoard.a(pca9532.o)
 .debug_info    0x0000330b       0xed C:\Users\Frosina\Documents\LPCXpresso_8.2.2_650\workspace\Lib_EaBaseBoard\Debug\libLib_EaBaseBoard.a(rotary.o)
 .debug_info    0x000033f8      0x13e C:\Users\Frosina\Documents\LPCXpresso_8.2.2_650\workspace\Lib_EaBaseBoard\Debug\libLib_EaBaseBoard.a(temp.o)
 .debug_info    0x00003536       0x61 C:\Users\Frosina\Documents\LPCXpresso_8.2.2_650\workspace\Lib_EaBaseBoard\Debug\libLib_EaBaseBoard.a(font5x7.o)
 .debug_info    0x00003597      0x5da C:\Users\Frosina\Documents\LPCXpresso_8.2.2_650\workspace\Lib_MCU\Debug\libLib_MCU.a(lpc17xx_adc.o)
 .debug_info    0x00003b71      0x5a5 C:\Users\Frosina\Documents\LPCXpresso_8.2.2_650\workspace\Lib_MCU\Debug\libLib_MCU.a(lpc17xx_clkpwr.o)
 .debug_info    0x00004116      0xd22 C:\Users\Frosina\Documents\LPCXpresso_8.2.2_650\workspace\Lib_MCU\Debug\libLib_MCU.a(lpc17xx_gpio.o)
 .debug_info    0x00004e38      0xcf2 C:\Users\Frosina\Documents\LPCXpresso_8.2.2_650\workspace\Lib_MCU\Debug\libLib_MCU.a(lpc17xx_i2c.o)
 .debug_info    0x00005b2a      0x44e C:\Users\Frosina\Documents\LPCXpresso_8.2.2_650\workspace\Lib_MCU\Debug\libLib_MCU.a(lpc17xx_pinsel.o)
 .debug_info    0x00005f78      0x711 C:\Users\Frosina\Documents\LPCXpresso_8.2.2_650\workspace\Lib_MCU\Debug\libLib_MCU.a(lpc17xx_ssp.o)
 .debug_info    0x00006689      0x8ba C:\Users\Frosina\Documents\LPCXpresso_8.2.2_650\workspace\Lib_MCU\Debug\libLib_MCU.a(lpc17xx_timer.o)

.debug_abbrev   0x00000000     0x1c88
 .debug_abbrev  0x00000000       0xb9 ./src/cr_startup_lpc17.o
 .debug_abbrev  0x000000b9      0x2f0 ./src/main.o
 .debug_abbrev  0x000003a9       0xe3 ./src/oled_graphing.o
 .debug_abbrev  0x0000048c       0xe6 C:\Users\Frosina\Documents\LPCXpresso_8.2.2_650\workspace\Lib_CMSISv1p30_LPC17xx\Debug\libCMSISv1p30_LPC17xx.a(system_LPC17xx.o)
 .debug_abbrev  0x00000572      0x16d C:\Users\Frosina\Documents\LPCXpresso_8.2.2_650\workspace\Lib_EaBaseBoard\Debug\libLib_EaBaseBoard.a(eeprom.o)
 .debug_abbrev  0x000006df       0x95 C:\Users\Frosina\Documents\LPCXpresso_8.2.2_650\workspace\Lib_EaBaseBoard\Debug\libLib_EaBaseBoard.a(joystick.o)
 .debug_abbrev  0x00000774      0x130 C:\Users\Frosina\Documents\LPCXpresso_8.2.2_650\workspace\Lib_EaBaseBoard\Debug\libLib_EaBaseBoard.a(led7seg.o)
 .debug_abbrev  0x000008a4      0x1d2 C:\Users\Frosina\Documents\LPCXpresso_8.2.2_650\workspace\Lib_EaBaseBoard\Debug\libLib_EaBaseBoard.a(light.o)
 .debug_abbrev  0x00000a76      0x1ed C:\Users\Frosina\Documents\LPCXpresso_8.2.2_650\workspace\Lib_EaBaseBoard\Debug\libLib_EaBaseBoard.a(oled.o)
 .debug_abbrev  0x00000c63      0x1d7 C:\Users\Frosina\Documents\LPCXpresso_8.2.2_650\workspace\Lib_EaBaseBoard\Debug\libLib_EaBaseBoard.a(pca9532.o)
 .debug_abbrev  0x00000e3a       0xa4 C:\Users\Frosina\Documents\LPCXpresso_8.2.2_650\workspace\Lib_EaBaseBoard\Debug\libLib_EaBaseBoard.a(rotary.o)
 .debug_abbrev  0x00000ede       0xc7 C:\Users\Frosina\Documents\LPCXpresso_8.2.2_650\workspace\Lib_EaBaseBoard\Debug\libLib_EaBaseBoard.a(temp.o)
 .debug_abbrev  0x00000fa5       0x48 C:\Users\Frosina\Documents\LPCXpresso_8.2.2_650\workspace\Lib_EaBaseBoard\Debug\libLib_EaBaseBoard.a(font5x7.o)
 .debug_abbrev  0x00000fed      0x165 C:\Users\Frosina\Documents\LPCXpresso_8.2.2_650\workspace\Lib_MCU\Debug\libLib_MCU.a(lpc17xx_adc.o)
 .debug_abbrev  0x00001152      0x1be C:\Users\Frosina\Documents\LPCXpresso_8.2.2_650\workspace\Lib_MCU\Debug\libLib_MCU.a(lpc17xx_clkpwr.o)
 .debug_abbrev  0x00001310      0x204 C:\Users\Frosina\Documents\LPCXpresso_8.2.2_650\workspace\Lib_MCU\Debug\libLib_MCU.a(lpc17xx_gpio.o)
 .debug_abbrev  0x00001514      0x26e C:\Users\Frosina\Documents\LPCXpresso_8.2.2_650\workspace\Lib_MCU\Debug\libLib_MCU.a(lpc17xx_i2c.o)
 .debug_abbrev  0x00001782      0x143 C:\Users\Frosina\Documents\LPCXpresso_8.2.2_650\workspace\Lib_MCU\Debug\libLib_MCU.a(lpc17xx_pinsel.o)
 .debug_abbrev  0x000018c5      0x1c9 C:\Users\Frosina\Documents\LPCXpresso_8.2.2_650\workspace\Lib_MCU\Debug\libLib_MCU.a(lpc17xx_ssp.o)
 .debug_abbrev  0x00001a8e      0x1fa C:\Users\Frosina\Documents\LPCXpresso_8.2.2_650\workspace\Lib_MCU\Debug\libLib_MCU.a(lpc17xx_timer.o)

.debug_aranges  0x00000000      0x840
 .debug_aranges
                0x00000000       0x70 ./src/cr_startup_lpc17.o
 .debug_aranges
                0x00000070       0x98 ./src/main.o
 .debug_aranges
                0x00000108       0x28 ./src/oled_graphing.o
 .debug_aranges
                0x00000130       0x28 C:\Users\Frosina\Documents\LPCXpresso_8.2.2_650\workspace\Lib_CMSISv1p30_LPC17xx\Debug\libCMSISv1p30_LPC17xx.a(system_LPC17xx.o)
 .debug_aranges
                0x00000158       0x48 C:\Users\Frosina\Documents\LPCXpresso_8.2.2_650\workspace\Lib_EaBaseBoard\Debug\libLib_EaBaseBoard.a(eeprom.o)
 .debug_aranges
                0x000001a0       0x28 C:\Users\Frosina\Documents\LPCXpresso_8.2.2_650\workspace\Lib_EaBaseBoard\Debug\libLib_EaBaseBoard.a(joystick.o)
 .debug_aranges
                0x000001c8       0x28 C:\Users\Frosina\Documents\LPCXpresso_8.2.2_650\workspace\Lib_EaBaseBoard\Debug\libLib_EaBaseBoard.a(led7seg.o)
 .debug_aranges
                0x000001f0       0x98 C:\Users\Frosina\Documents\LPCXpresso_8.2.2_650\workspace\Lib_EaBaseBoard\Debug\libLib_EaBaseBoard.a(light.o)
 .debug_aranges
                0x00000288       0x90 C:\Users\Frosina\Documents\LPCXpresso_8.2.2_650\workspace\Lib_EaBaseBoard\Debug\libLib_EaBaseBoard.a(oled.o)
 .debug_aranges
                0x00000318       0x80 C:\Users\Frosina\Documents\LPCXpresso_8.2.2_650\workspace\Lib_EaBaseBoard\Debug\libLib_EaBaseBoard.a(pca9532.o)
 .debug_aranges
                0x00000398       0x28 C:\Users\Frosina\Documents\LPCXpresso_8.2.2_650\workspace\Lib_EaBaseBoard\Debug\libLib_EaBaseBoard.a(rotary.o)
 .debug_aranges
                0x000003c0       0x28 C:\Users\Frosina\Documents\LPCXpresso_8.2.2_650\workspace\Lib_EaBaseBoard\Debug\libLib_EaBaseBoard.a(temp.o)
 .debug_aranges
                0x000003e8       0x18 C:\Users\Frosina\Documents\LPCXpresso_8.2.2_650\workspace\Lib_EaBaseBoard\Debug\libLib_EaBaseBoard.a(font5x7.o)
 .debug_aranges
                0x00000400       0x80 C:\Users\Frosina\Documents\LPCXpresso_8.2.2_650\workspace\Lib_MCU\Debug\libLib_MCU.a(lpc17xx_adc.o)
 .debug_aranges
                0x00000480       0x60 C:\Users\Frosina\Documents\LPCXpresso_8.2.2_650\workspace\Lib_MCU\Debug\libLib_MCU.a(lpc17xx_clkpwr.o)
 .debug_aranges
                0x000004e0       0xf8 C:\Users\Frosina\Documents\LPCXpresso_8.2.2_650\workspace\Lib_MCU\Debug\libLib_MCU.a(lpc17xx_gpio.o)
 .debug_aranges
                0x000005d8       0xd0 C:\Users\Frosina\Documents\LPCXpresso_8.2.2_650\workspace\Lib_MCU\Debug\libLib_MCU.a(lpc17xx_i2c.o)
 .debug_aranges
                0x000006a8       0x48 C:\Users\Frosina\Documents\LPCXpresso_8.2.2_650\workspace\Lib_MCU\Debug\libLib_MCU.a(lpc17xx_pinsel.o)
 .debug_aranges
                0x000006f0       0xa8 C:\Users\Frosina\Documents\LPCXpresso_8.2.2_650\workspace\Lib_MCU\Debug\libLib_MCU.a(lpc17xx_ssp.o)
 .debug_aranges
                0x00000798       0xa8 C:\Users\Frosina\Documents\LPCXpresso_8.2.2_650\workspace\Lib_MCU\Debug\libLib_MCU.a(lpc17xx_timer.o)

.debug_ranges   0x00000000      0x6f8
 .debug_ranges  0x00000000       0x60 ./src/cr_startup_lpc17.o
 .debug_ranges  0x00000060       0x88 ./src/main.o
 .debug_ranges  0x000000e8       0x18 ./src/oled_graphing.o
 .debug_ranges  0x00000100       0x18 C:\Users\Frosina\Documents\LPCXpresso_8.2.2_650\workspace\Lib_CMSISv1p30_LPC17xx\Debug\libCMSISv1p30_LPC17xx.a(system_LPC17xx.o)
 .debug_ranges  0x00000118       0x38 C:\Users\Frosina\Documents\LPCXpresso_8.2.2_650\workspace\Lib_EaBaseBoard\Debug\libLib_EaBaseBoard.a(eeprom.o)
 .debug_ranges  0x00000150       0x18 C:\Users\Frosina\Documents\LPCXpresso_8.2.2_650\workspace\Lib_EaBaseBoard\Debug\libLib_EaBaseBoard.a(joystick.o)
 .debug_ranges  0x00000168       0x18 C:\Users\Frosina\Documents\LPCXpresso_8.2.2_650\workspace\Lib_EaBaseBoard\Debug\libLib_EaBaseBoard.a(led7seg.o)
 .debug_ranges  0x00000180       0x88 C:\Users\Frosina\Documents\LPCXpresso_8.2.2_650\workspace\Lib_EaBaseBoard\Debug\libLib_EaBaseBoard.a(light.o)
 .debug_ranges  0x00000208       0x80 C:\Users\Frosina\Documents\LPCXpresso_8.2.2_650\workspace\Lib_EaBaseBoard\Debug\libLib_EaBaseBoard.a(oled.o)
 .debug_ranges  0x00000288       0x70 C:\Users\Frosina\Documents\LPCXpresso_8.2.2_650\workspace\Lib_EaBaseBoard\Debug\libLib_EaBaseBoard.a(pca9532.o)
 .debug_ranges  0x000002f8       0x18 C:\Users\Frosina\Documents\LPCXpresso_8.2.2_650\workspace\Lib_EaBaseBoard\Debug\libLib_EaBaseBoard.a(rotary.o)
 .debug_ranges  0x00000310       0x18 C:\Users\Frosina\Documents\LPCXpresso_8.2.2_650\workspace\Lib_EaBaseBoard\Debug\libLib_EaBaseBoard.a(temp.o)
 .debug_ranges  0x00000328       0x70 C:\Users\Frosina\Documents\LPCXpresso_8.2.2_650\workspace\Lib_MCU\Debug\libLib_MCU.a(lpc17xx_adc.o)
 .debug_ranges  0x00000398       0x50 C:\Users\Frosina\Documents\LPCXpresso_8.2.2_650\workspace\Lib_MCU\Debug\libLib_MCU.a(lpc17xx_clkpwr.o)
 .debug_ranges  0x000003e8       0xe8 C:\Users\Frosina\Documents\LPCXpresso_8.2.2_650\workspace\Lib_MCU\Debug\libLib_MCU.a(lpc17xx_gpio.o)
 .debug_ranges  0x000004d0       0xc0 C:\Users\Frosina\Documents\LPCXpresso_8.2.2_650\workspace\Lib_MCU\Debug\libLib_MCU.a(lpc17xx_i2c.o)
 .debug_ranges  0x00000590       0x38 C:\Users\Frosina\Documents\LPCXpresso_8.2.2_650\workspace\Lib_MCU\Debug\libLib_MCU.a(lpc17xx_pinsel.o)
 .debug_ranges  0x000005c8       0x98 C:\Users\Frosina\Documents\LPCXpresso_8.2.2_650\workspace\Lib_MCU\Debug\libLib_MCU.a(lpc17xx_ssp.o)
 .debug_ranges  0x00000660       0x98 C:\Users\Frosina\Documents\LPCXpresso_8.2.2_650\workspace\Lib_MCU\Debug\libLib_MCU.a(lpc17xx_timer.o)

.debug_macro    0x00000000     0x64a2
 .debug_macro   0x00000000       0x79 ./src/cr_startup_lpc17.o
 .debug_macro   0x00000079      0x886 ./src/cr_startup_lpc17.o
 .debug_macro   0x000008ff       0x22 ./src/cr_startup_lpc17.o
 .debug_macro   0x00000921       0x87 ./src/cr_startup_lpc17.o
 .debug_macro   0x000009a8       0x44 ./src/cr_startup_lpc17.o
 .debug_macro   0x000009ec       0xfd ./src/cr_startup_lpc17.o
 .debug_macro   0x00000ae9       0x5e ./src/cr_startup_lpc17.o
 .debug_macro   0x00000b47      0x1df ./src/cr_startup_lpc17.o
 .debug_macro   0x00000d26      0x13e ./src/main.o
 .debug_macro   0x00000e64       0x1c ./src/main.o
 .debug_macro   0x00000e80       0x22 ./src/main.o
 .debug_macro   0x00000ea2      0x7b7 ./src/main.o
 .debug_macro   0x00001659      0x2c7 ./src/main.o
 .debug_macro   0x00001920       0x64 ./src/main.o
 .debug_macro   0x00001984      0x140 ./src/main.o
 .debug_macro   0x00001ac4       0x46 ./src/main.o
 .debug_macro   0x00001b0a      0x192 ./src/main.o
 .debug_macro   0x00001c9c      0x2a6 ./src/main.o
 .debug_macro   0x00001f42       0xee ./src/main.o
 .debug_macro   0x00002030       0xed ./src/main.o
 .debug_macro   0x0000211d       0x16 ./src/main.o
 .debug_macro   0x00002133       0x28 ./src/main.o
 .debug_macro   0x0000215b       0x1c ./src/main.o
 .debug_macro   0x00002177       0xb2 ./src/main.o
 .debug_macro   0x00002229      0x16e ./src/oled_graphing.o
 .debug_macro   0x00002397       0x4c ./src/oled_graphing.o
 .debug_macro   0x000023e3       0x8d ./src/oled_graphing.o
 .debug_macro   0x00002470       0x35 ./src/oled_graphing.o
 .debug_macro   0x000024a5       0x9c ./src/oled_graphing.o
 .debug_macro   0x00002541      0x174 ./src/oled_graphing.o
 .debug_macro   0x000026b5       0x4a ./src/oled_graphing.o
 .debug_macro   0x000026ff       0x52 ./src/oled_graphing.o
 .debug_macro   0x00002751       0x1f ./src/oled_graphing.o
 .debug_macro   0x00002770       0x43 ./src/oled_graphing.o
 .debug_macro   0x000027b3       0x20 ./src/oled_graphing.o
 .debug_macro   0x000027d3      0x187 ./src/oled_graphing.o
 .debug_macro   0x0000295a      0x30d ./src/oled_graphing.o
 .debug_macro   0x00002c67       0x10 ./src/oled_graphing.o
 .debug_macro   0x00002c77       0x35 ./src/oled_graphing.o
 .debug_macro   0x00002cac       0x5d ./src/oled_graphing.o
 .debug_macro   0x00002d09       0x40 ./src/oled_graphing.o
 .debug_macro   0x00002d49      0x113 C:\Users\Frosina\Documents\LPCXpresso_8.2.2_650\workspace\Lib_CMSISv1p30_LPC17xx\Debug\libCMSISv1p30_LPC17xx.a(system_LPC17xx.o)
 .debug_macro   0x00002e5c      0x880 C:\Users\Frosina\Documents\LPCXpresso_8.2.2_650\workspace\Lib_CMSISv1p30_LPC17xx\Debug\libCMSISv1p30_LPC17xx.a(system_LPC17xx.o)
 .debug_macro   0x000036dc       0x10 C:\Users\Frosina\Documents\LPCXpresso_8.2.2_650\workspace\Lib_CMSISv1p30_LPC17xx\Debug\libCMSISv1p30_LPC17xx.a(system_LPC17xx.o)
 .debug_macro   0x000036ec      0x12d C:\Users\Frosina\Documents\LPCXpresso_8.2.2_650\workspace\Lib_CMSISv1p30_LPC17xx\Debug\libCMSISv1p30_LPC17xx.a(system_LPC17xx.o)
 .debug_macro   0x00003819      0x5b2 C:\Users\Frosina\Documents\LPCXpresso_8.2.2_650\workspace\Lib_CMSISv1p30_LPC17xx\Debug\libCMSISv1p30_LPC17xx.a(system_LPC17xx.o)
 .debug_macro   0x00003dcb      0x7d5 C:\Users\Frosina\Documents\LPCXpresso_8.2.2_650\workspace\Lib_CMSISv1p30_LPC17xx\Debug\libCMSISv1p30_LPC17xx.a(system_LPC17xx.o)
 .debug_macro   0x000045a0       0xd5 C:\Users\Frosina\Documents\LPCXpresso_8.2.2_650\workspace\Lib_EaBaseBoard\Debug\libLib_EaBaseBoard.a(eeprom.o)
 .debug_macro   0x00004675      0x18c C:\Users\Frosina\Documents\LPCXpresso_8.2.2_650\workspace\Lib_EaBaseBoard\Debug\libLib_EaBaseBoard.a(eeprom.o)
 .debug_macro   0x00004801       0x9a C:\Users\Frosina\Documents\LPCXpresso_8.2.2_650\workspace\Lib_EaBaseBoard\Debug\libLib_EaBaseBoard.a(eeprom.o)
 .debug_macro   0x0000489b       0x83 C:\Users\Frosina\Documents\LPCXpresso_8.2.2_650\workspace\Lib_EaBaseBoard\Debug\libLib_EaBaseBoard.a(joystick.o)
 .debug_macro   0x0000491e       0x99 C:\Users\Frosina\Documents\LPCXpresso_8.2.2_650\workspace\Lib_EaBaseBoard\Debug\libLib_EaBaseBoard.a(led7seg.o)
 .debug_macro   0x000049b7      0x126 C:\Users\Frosina\Documents\LPCXpresso_8.2.2_650\workspace\Lib_EaBaseBoard\Debug\libLib_EaBaseBoard.a(light.o)
 .debug_macro   0x00004add       0xdd C:\Users\Frosina\Documents\LPCXpresso_8.2.2_650\workspace\Lib_EaBaseBoard\Debug\libLib_EaBaseBoard.a(oled.o)
 .debug_macro   0x00004bba       0xa1 C:\Users\Frosina\Documents\LPCXpresso_8.2.2_650\workspace\Lib_EaBaseBoard\Debug\libLib_EaBaseBoard.a(pca9532.o)
 .debug_macro   0x00004c5b       0xb3 C:\Users\Frosina\Documents\LPCXpresso_8.2.2_650\workspace\Lib_EaBaseBoard\Debug\libLib_EaBaseBoard.a(rotary.o)
 .debug_macro   0x00004d0e       0xae C:\Users\Frosina\Documents\LPCXpresso_8.2.2_650\workspace\Lib_EaBaseBoard\Debug\libLib_EaBaseBoard.a(temp.o)
 .debug_macro   0x00004dbc       0x1a C:\Users\Frosina\Documents\LPCXpresso_8.2.2_650\workspace\Lib_EaBaseBoard\Debug\libLib_EaBaseBoard.a(font5x7.o)
 .debug_macro   0x00004dd6      0x696 C:\Users\Frosina\Documents\LPCXpresso_8.2.2_650\workspace\Lib_EaBaseBoard\Debug\libLib_EaBaseBoard.a(font5x7.o)
 .debug_macro   0x0000546c       0x8c C:\Users\Frosina\Documents\LPCXpresso_8.2.2_650\workspace\Lib_MCU\Debug\libLib_MCU.a(lpc17xx_adc.o)
 .debug_macro   0x000054f8       0xe8 C:\Users\Frosina\Documents\LPCXpresso_8.2.2_650\workspace\Lib_MCU\Debug\libLib_MCU.a(lpc17xx_adc.o)
 .debug_macro   0x000055e0      0x2fa C:\Users\Frosina\Documents\LPCXpresso_8.2.2_650\workspace\Lib_MCU\Debug\libLib_MCU.a(lpc17xx_adc.o)
 .debug_macro   0x000058da       0xda C:\Users\Frosina\Documents\LPCXpresso_8.2.2_650\workspace\Lib_MCU\Debug\libLib_MCU.a(lpc17xx_adc.o)
 .debug_macro   0x000059b4       0x7a C:\Users\Frosina\Documents\LPCXpresso_8.2.2_650\workspace\Lib_MCU\Debug\libLib_MCU.a(lpc17xx_clkpwr.o)
 .debug_macro   0x00005a2e      0x2f4 C:\Users\Frosina\Documents\LPCXpresso_8.2.2_650\workspace\Lib_MCU\Debug\libLib_MCU.a(lpc17xx_clkpwr.o)
 .debug_macro   0x00005d22       0x83 C:\Users\Frosina\Documents\LPCXpresso_8.2.2_650\workspace\Lib_MCU\Debug\libLib_MCU.a(lpc17xx_gpio.o)
 .debug_macro   0x00005da5       0x95 C:\Users\Frosina\Documents\LPCXpresso_8.2.2_650\workspace\Lib_MCU\Debug\libLib_MCU.a(lpc17xx_i2c.o)
 .debug_macro   0x00005e3a      0x146 C:\Users\Frosina\Documents\LPCXpresso_8.2.2_650\workspace\Lib_MCU\Debug\libLib_MCU.a(lpc17xx_i2c.o)
 .debug_macro   0x00005f80       0x7a C:\Users\Frosina\Documents\LPCXpresso_8.2.2_650\workspace\Lib_MCU\Debug\libLib_MCU.a(lpc17xx_pinsel.o)
 .debug_macro   0x00005ffa       0x8c C:\Users\Frosina\Documents\LPCXpresso_8.2.2_650\workspace\Lib_MCU\Debug\libLib_MCU.a(lpc17xx_ssp.o)
 .debug_macro   0x00006086      0x2a0 C:\Users\Frosina\Documents\LPCXpresso_8.2.2_650\workspace\Lib_MCU\Debug\libLib_MCU.a(lpc17xx_ssp.o)
 .debug_macro   0x00006326       0x95 C:\Users\Frosina\Documents\LPCXpresso_8.2.2_650\workspace\Lib_MCU\Debug\libLib_MCU.a(lpc17xx_timer.o)
 .debug_macro   0x000063bb       0xe7 C:\Users\Frosina\Documents\LPCXpresso_8.2.2_650\workspace\Lib_MCU\Debug\libLib_MCU.a(lpc17xx_timer.o)

.debug_line     0x00000000     0x4a96
 .debug_line    0x00000000      0x32a ./src/cr_startup_lpc17.o
 .debug_line    0x0000032a      0x663 ./src/main.o
 .debug_line    0x0000098d      0x429 ./src/oled_graphing.o
 .debug_line    0x00000db6      0x205 C:\Users\Frosina\Documents\LPCXpresso_8.2.2_650\workspace\Lib_CMSISv1p30_LPC17xx\Debug\libCMSISv1p30_LPC17xx.a(system_LPC17xx.o)
 .debug_line    0x00000fbb      0x31e C:\Users\Frosina\Documents\LPCXpresso_8.2.2_650\workspace\Lib_EaBaseBoard\Debug\libLib_EaBaseBoard.a(eeprom.o)
 .debug_line    0x000012d9      0x26c C:\Users\Frosina\Documents\LPCXpresso_8.2.2_650\workspace\Lib_EaBaseBoard\Debug\libLib_EaBaseBoard.a(joystick.o)
 .debug_line    0x00001545      0x27c C:\Users\Frosina\Documents\LPCXpresso_8.2.2_650\workspace\Lib_EaBaseBoard\Debug\libLib_EaBaseBoard.a(led7seg.o)
 .debug_line    0x000017c1      0x3b5 C:\Users\Frosina\Documents\LPCXpresso_8.2.2_650\workspace\Lib_EaBaseBoard\Debug\libLib_EaBaseBoard.a(light.o)
 .debug_line    0x00001b76      0x587 C:\Users\Frosina\Documents\LPCXpresso_8.2.2_650\workspace\Lib_EaBaseBoard\Debug\libLib_EaBaseBoard.a(oled.o)
 .debug_line    0x000020fd      0x39c C:\Users\Frosina\Documents\LPCXpresso_8.2.2_650\workspace\Lib_EaBaseBoard\Debug\libLib_EaBaseBoard.a(pca9532.o)
 .debug_line    0x00002499      0x27e C:\Users\Frosina\Documents\LPCXpresso_8.2.2_650\workspace\Lib_EaBaseBoard\Debug\libLib_EaBaseBoard.a(rotary.o)
 .debug_line    0x00002717      0x281 C:\Users\Frosina\Documents\LPCXpresso_8.2.2_650\workspace\Lib_EaBaseBoard\Debug\libLib_EaBaseBoard.a(temp.o)
 .debug_line    0x00002998       0x8f C:\Users\Frosina\Documents\LPCXpresso_8.2.2_650\workspace\Lib_EaBaseBoard\Debug\libLib_EaBaseBoard.a(font5x7.o)
 .debug_line    0x00002a27      0x407 C:\Users\Frosina\Documents\LPCXpresso_8.2.2_650\workspace\Lib_MCU\Debug\libLib_MCU.a(lpc17xx_adc.o)
 .debug_line    0x00002e2e      0x2ce C:\Users\Frosina\Documents\LPCXpresso_8.2.2_650\workspace\Lib_MCU\Debug\libLib_MCU.a(lpc17xx_clkpwr.o)
 .debug_line    0x000030fc      0x4d9 C:\Users\Frosina\Documents\LPCXpresso_8.2.2_650\workspace\Lib_MCU\Debug\libLib_MCU.a(lpc17xx_gpio.o)
 .debug_line    0x000035d5      0x6f3 C:\Users\Frosina\Documents\LPCXpresso_8.2.2_650\workspace\Lib_MCU\Debug\libLib_MCU.a(lpc17xx_i2c.o)
 .debug_line    0x00003cc8      0x26d C:\Users\Frosina\Documents\LPCXpresso_8.2.2_650\workspace\Lib_MCU\Debug\libLib_MCU.a(lpc17xx_pinsel.o)
 .debug_line    0x00003f35      0x583 C:\Users\Frosina\Documents\LPCXpresso_8.2.2_650\workspace\Lib_MCU\Debug\libLib_MCU.a(lpc17xx_ssp.o)
 .debug_line    0x000044b8      0x5de C:\Users\Frosina\Documents\LPCXpresso_8.2.2_650\workspace\Lib_MCU\Debug\libLib_MCU.a(lpc17xx_timer.o)

.debug_str      0x00000000    0x1370d
 .debug_str     0x00000000     0x336e ./src/cr_startup_lpc17.o
                               0x34d4 (size before relaxing)
 .debug_str     0x0000336e     0x7aaa ./src/main.o
                               0xaea7 (size before relaxing)
 .debug_str     0x0000ae18     0x29fb ./src/oled_graphing.o
                               0xbace (size before relaxing)
 .debug_str     0x0000d813     0x1b26 C:\Users\Frosina\Documents\LPCXpresso_8.2.2_650\workspace\Lib_CMSISv1p30_LPC17xx\Debug\libCMSISv1p30_LPC17xx.a(system_LPC17xx.o)
                               0x7ff7 (size before relaxing)
 .debug_str     0x0000f339      0x477 C:\Users\Frosina\Documents\LPCXpresso_8.2.2_650\workspace\Lib_EaBaseBoard\Debug\libLib_EaBaseBoard.a(eeprom.o)
                               0x8ad8 (size before relaxing)
 .debug_str     0x0000f7b0       0x3a C:\Users\Frosina\Documents\LPCXpresso_8.2.2_650\workspace\Lib_EaBaseBoard\Debug\libLib_EaBaseBoard.a(joystick.o)
                               0x8054 (size before relaxing)
 .debug_str     0x0000f7ea       0xe8 C:\Users\Frosina\Documents\LPCXpresso_8.2.2_650\workspace\Lib_EaBaseBoard\Debug\libLib_EaBaseBoard.a(led7seg.o)
                               0x90e9 (size before relaxing)
 .debug_str     0x0000f8d2      0x414 C:\Users\Frosina\Documents\LPCXpresso_8.2.2_650\workspace\Lib_EaBaseBoard\Debug\libLib_EaBaseBoard.a(light.o)
                               0x8be7 (size before relaxing)
 .debug_str     0x0000fce6      0x2ee C:\Users\Frosina\Documents\LPCXpresso_8.2.2_650\workspace\Lib_EaBaseBoard\Debug\libLib_EaBaseBoard.a(oled.o)
                               0x9c6a (size before relaxing)
 .debug_str     0x0000ffd4      0x1a3 C:\Users\Frosina\Documents\LPCXpresso_8.2.2_650\workspace\Lib_EaBaseBoard\Debug\libLib_EaBaseBoard.a(pca9532.o)
                               0x8aec (size before relaxing)
 .debug_str     0x00010177       0x9b C:\Users\Frosina\Documents\LPCXpresso_8.2.2_650\workspace\Lib_EaBaseBoard\Debug\libLib_EaBaseBoard.a(rotary.o)
                               0x806e (size before relaxing)
 .debug_str     0x00010212       0xe8 C:\Users\Frosina\Documents\LPCXpresso_8.2.2_650\workspace\Lib_EaBaseBoard\Debug\libLib_EaBaseBoard.a(temp.o)
                               0x80ae (size before relaxing)
 .debug_str     0x000102fa      0xe21 C:\Users\Frosina\Documents\LPCXpresso_8.2.2_650\workspace\Lib_EaBaseBoard\Debug\libLib_EaBaseBoard.a(font5x7.o)
                               0x32d4 (size before relaxing)
 .debug_str     0x0001111b     0x159b C:\Users\Frosina\Documents\LPCXpresso_8.2.2_650\workspace\Lib_MCU\Debug\libLib_MCU.a(lpc17xx_adc.o)
                               0x9bbd (size before relaxing)
 .debug_str     0x000126b6       0xcb C:\Users\Frosina\Documents\LPCXpresso_8.2.2_650\workspace\Lib_MCU\Debug\libLib_MCU.a(lpc17xx_clkpwr.o)
                               0x91eb (size before relaxing)
 .debug_str     0x00012781      0x424 C:\Users\Frosina\Documents\LPCXpresso_8.2.2_650\workspace\Lib_MCU\Debug\libLib_MCU.a(lpc17xx_gpio.o)
                               0x8555 (size before relaxing)
 .debug_str     0x00012ba5      0x341 C:\Users\Frosina\Documents\LPCXpresso_8.2.2_650\workspace\Lib_MCU\Debug\libLib_MCU.a(lpc17xx_i2c.o)
                               0xa523 (size before relaxing)
 .debug_str     0x00012ee6      0x202 C:\Users\Frosina\Documents\LPCXpresso_8.2.2_650\workspace\Lib_MCU\Debug\libLib_MCU.a(lpc17xx_pinsel.o)
                               0x847c (size before relaxing)
 .debug_str     0x000130e8      0x1c5 C:\Users\Frosina\Documents\LPCXpresso_8.2.2_650\workspace\Lib_MCU\Debug\libLib_MCU.a(lpc17xx_ssp.o)
                               0xa3dc (size before relaxing)
 .debug_str     0x000132ad      0x460 C:\Users\Frosina\Documents\LPCXpresso_8.2.2_650\workspace\Lib_MCU\Debug\libLib_MCU.a(lpc17xx_timer.o)
                               0xa1f5 (size before relaxing)

.comment        0x00000000       0x6e
 .comment       0x00000000       0x6e ./src/cr_startup_lpc17.o
                                 0x6f (size before relaxing)
 .comment       0x0000006e       0x6f ./src/main.o
 .comment       0x0000006e       0x6f ./src/oled_graphing.o
 .comment       0x0000006e       0x6f C:\Users\Frosina\Documents\LPCXpresso_8.2.2_650\workspace\Lib_CMSISv1p30_LPC17xx\Debug\libCMSISv1p30_LPC17xx.a(system_LPC17xx.o)
 .comment       0x0000006e       0x6f C:\Users\Frosina\Documents\LPCXpresso_8.2.2_650\workspace\Lib_EaBaseBoard\Debug\libLib_EaBaseBoard.a(eeprom.o)
 .comment       0x0000006e       0x6f C:\Users\Frosina\Documents\LPCXpresso_8.2.2_650\workspace\Lib_EaBaseBoard\Debug\libLib_EaBaseBoard.a(joystick.o)
 .comment       0x0000006e       0x6f C:\Users\Frosina\Documents\LPCXpresso_8.2.2_650\workspace\Lib_EaBaseBoard\Debug\libLib_EaBaseBoard.a(led7seg.o)
 .comment       0x0000006e       0x6f C:\Users\Frosina\Documents\LPCXpresso_8.2.2_650\workspace\Lib_EaBaseBoard\Debug\libLib_EaBaseBoard.a(light.o)
 .comment       0x0000006e       0x6f C:\Users\Frosina\Documents\LPCXpresso_8.2.2_650\workspace\Lib_EaBaseBoard\Debug\libLib_EaBaseBoard.a(oled.o)
 .comment       0x0000006e       0x6f C:\Users\Frosina\Documents\LPCXpresso_8.2.2_650\workspace\Lib_EaBaseBoard\Debug\libLib_EaBaseBoard.a(pca9532.o)
 .comment       0x0000006e       0x6f C:\Users\Frosina\Documents\LPCXpresso_8.2.2_650\workspace\Lib_EaBaseBoard\Debug\libLib_EaBaseBoard.a(rotary.o)
 .comment       0x0000006e       0x6f C:\Users\Frosina\Documents\LPCXpresso_8.2.2_650\workspace\Lib_EaBaseBoard\Debug\libLib_EaBaseBoard.a(temp.o)
 .comment       0x0000006e       0x6f C:\Users\Frosina\Documents\LPCXpresso_8.2.2_650\workspace\Lib_EaBaseBoard\Debug\libLib_EaBaseBoard.a(font5x7.o)
 .comment       0x0000006e       0x6f C:\Users\Frosina\Documents\LPCXpresso_8.2.2_650\workspace\Lib_MCU\Debug\libLib_MCU.a(lpc17xx_adc.o)
 .comment       0x0000006e       0x6f C:\Users\Frosina\Documents\LPCXpresso_8.2.2_650\workspace\Lib_MCU\Debug\libLib_MCU.a(lpc17xx_clkpwr.o)
 .comment       0x0000006e       0x6f C:\Users\Frosina\Documents\LPCXpresso_8.2.2_650\workspace\Lib_MCU\Debug\libLib_MCU.a(lpc17xx_gpio.o)
 .comment       0x0000006e       0x6f C:\Users\Frosina\Documents\LPCXpresso_8.2.2_650\workspace\Lib_MCU\Debug\libLib_MCU.a(lpc17xx_i2c.o)
 .comment       0x0000006e       0x6f C:\Users\Frosina\Documents\LPCXpresso_8.2.2_650\workspace\Lib_MCU\Debug\libLib_MCU.a(lpc17xx_pinsel.o)
 .comment       0x0000006e       0x6f C:\Users\Frosina\Documents\LPCXpresso_8.2.2_650\workspace\Lib_MCU\Debug\libLib_MCU.a(lpc17xx_ssp.o)
 .comment       0x0000006e       0x6f C:\Users\Frosina\Documents\LPCXpresso_8.2.2_650\workspace\Lib_MCU\Debug\libLib_MCU.a(lpc17xx_timer.o)

.ARM.attributes
                0x00000000       0x31
 .ARM.attributes
                0x00000000       0x33 ./src/cr_startup_lpc17.o
 .ARM.attributes
                0x00000033       0x33 ./src/main.o
 .ARM.attributes
                0x00000066       0x33 ./src/oled_graphing.o
 .ARM.attributes
                0x00000099       0x33 C:\Users\Frosina\Documents\LPCXpresso_8.2.2_650\workspace\Lib_CMSISv1p30_LPC17xx\Debug\libCMSISv1p30_LPC17xx.a(system_LPC17xx.o)
 .ARM.attributes
                0x000000cc       0x33 C:\Users\Frosina\Documents\LPCXpresso_8.2.2_650\workspace\Lib_EaBaseBoard\Debug\libLib_EaBaseBoard.a(eeprom.o)
 .ARM.attributes
                0x000000ff       0x33 C:\Users\Frosina\Documents\LPCXpresso_8.2.2_650\workspace\Lib_EaBaseBoard\Debug\libLib_EaBaseBoard.a(joystick.o)
 .ARM.attributes
                0x00000132       0x33 C:\Users\Frosina\Documents\LPCXpresso_8.2.2_650\workspace\Lib_EaBaseBoard\Debug\libLib_EaBaseBoard.a(led7seg.o)
 .ARM.attributes
                0x00000165       0x33 C:\Users\Frosina\Documents\LPCXpresso_8.2.2_650\workspace\Lib_EaBaseBoard\Debug\libLib_EaBaseBoard.a(light.o)
 .ARM.attributes
                0x00000198       0x33 C:\Users\Frosina\Documents\LPCXpresso_8.2.2_650\workspace\Lib_EaBaseBoard\Debug\libLib_EaBaseBoard.a(oled.o)
 .ARM.attributes
                0x000001cb       0x33 C:\Users\Frosina\Documents\LPCXpresso_8.2.2_650\workspace\Lib_EaBaseBoard\Debug\libLib_EaBaseBoard.a(pca9532.o)
 .ARM.attributes
                0x000001fe       0x33 C:\Users\Frosina\Documents\LPCXpresso_8.2.2_650\workspace\Lib_EaBaseBoard\Debug\libLib_EaBaseBoard.a(rotary.o)
 .ARM.attributes
                0x00000231       0x33 C:\Users\Frosina\Documents\LPCXpresso_8.2.2_650\workspace\Lib_EaBaseBoard\Debug\libLib_EaBaseBoard.a(temp.o)
 .ARM.attributes
                0x00000264       0x33 C:\Users\Frosina\Documents\LPCXpresso_8.2.2_650\workspace\Lib_EaBaseBoard\Debug\libLib_EaBaseBoard.a(font5x7.o)
 .ARM.attributes
                0x00000297       0x33 C:\Users\Frosina\Documents\LPCXpresso_8.2.2_650\workspace\Lib_MCU\Debug\libLib_MCU.a(lpc17xx_adc.o)
 .ARM.attributes
                0x000002ca       0x33 C:\Users\Frosina\Documents\LPCXpresso_8.2.2_650\workspace\Lib_MCU\Debug\libLib_MCU.a(lpc17xx_clkpwr.o)
 .ARM.attributes
                0x000002fd       0x33 C:\Users\Frosina\Documents\LPCXpresso_8.2.2_650\workspace\Lib_MCU\Debug\libLib_MCU.a(lpc17xx_gpio.o)
 .ARM.attributes
                0x00000330       0x33 C:\Users\Frosina\Documents\LPCXpresso_8.2.2_650\workspace\Lib_MCU\Debug\libLib_MCU.a(lpc17xx_i2c.o)
 .ARM.attributes
                0x00000363       0x33 C:\Users\Frosina\Documents\LPCXpresso_8.2.2_650\workspace\Lib_MCU\Debug\libLib_MCU.a(lpc17xx_pinsel.o)
 .ARM.attributes
                0x00000396       0x33 C:\Users\Frosina\Documents\LPCXpresso_8.2.2_650\workspace\Lib_MCU\Debug\libLib_MCU.a(lpc17xx_ssp.o)
 .ARM.attributes
                0x000003c9       0x33 C:\Users\Frosina\Documents\LPCXpresso_8.2.2_650\workspace\Lib_MCU\Debug\libLib_MCU.a(lpc17xx_timer.o)
 .ARM.attributes
                0x000003fc       0x1d c:/nxp/lpcxpresso_8.2.2_650/lpcxpresso/tools/bin/../lib/gcc/arm-none-eabi/5.4.1/armv7-m\libgcc.a(_arm_addsubsf3.o)
 .ARM.attributes
                0x00000419       0x1d c:/nxp/lpcxpresso_8.2.2_650/lpcxpresso/tools/bin/../lib/gcc/arm-none-eabi/5.4.1/armv7-m\libgcc.a(_arm_muldivsf3.o)
 .ARM.attributes
                0x00000436       0x1d c:/nxp/lpcxpresso_8.2.2_650/lpcxpresso/tools/bin/../lib/gcc/arm-none-eabi/5.4.1/armv7-m\libgcc.a(_arm_cmpsf2.o)
 .ARM.attributes
                0x00000453       0x1d c:/nxp/lpcxpresso_8.2.2_650/lpcxpresso/tools/bin/../lib/gcc/arm-none-eabi/5.4.1/armv7-m\libgcc.a(_arm_fixunssfsi.o)
 .ARM.attributes
                0x00000470       0x1d c:/nxp/lpcxpresso_8.2.2_650/lpcxpresso/tools/bin/../lib/gcc/arm-none-eabi/5.4.1/armv7-m\libgcc.a(_aeabi_uldivmod.o)
 .ARM.attributes
                0x0000048d       0x2d c:/nxp/lpcxpresso_8.2.2_650/lpcxpresso/tools/bin/../lib/gcc/arm-none-eabi/5.4.1/armv7-m\libgcc.a(_udivmoddi4.o)
 .ARM.attributes
                0x000004ba       0x1d c:/nxp/lpcxpresso_8.2.2_650/lpcxpresso/tools/bin/../lib/gcc/arm-none-eabi/5.4.1/armv7-m\libgcc.a(_dvmd_tls.o)
 .ARM.attributes
                0x000004d7       0x1b c:/nxp/lpcxpresso_8.2.2_650/lpcxpresso/tools/bin/../lib/gcc/arm-none-eabi/5.4.1/../../../../arm-none-eabi/lib/armv7-m\libc.a(lib_a-memcpy.o)
 .ARM.attributes
                0x000004f2       0x2d c:/nxp/lpcxpresso_8.2.2_650/lpcxpresso/tools/bin/../lib/gcc/arm-none-eabi/5.4.1/../../../../arm-none-eabi/lib/armv7-m\libc.a(lib_a-memset.o)

.debug_frame    0x00000000     0x1e7c
 .debug_frame   0x00000000      0x120 ./src/cr_startup_lpc17.o
 .debug_frame   0x00000120      0x258 ./src/main.o
 .debug_frame   0x00000378       0x60 ./src/oled_graphing.o
 .debug_frame   0x000003d8       0x64 C:\Users\Frosina\Documents\LPCXpresso_8.2.2_650\workspace\Lib_CMSISv1p30_LPC17xx\Debug\libCMSISv1p30_LPC17xx.a(system_LPC17xx.o)
 .debug_frame   0x0000043c       0xe8 C:\Users\Frosina\Documents\LPCXpresso_8.2.2_650\workspace\Lib_EaBaseBoard\Debug\libLib_EaBaseBoard.a(eeprom.o)
 .debug_frame   0x00000524       0x50 C:\Users\Frosina\Documents\LPCXpresso_8.2.2_650\workspace\Lib_EaBaseBoard\Debug\libLib_EaBaseBoard.a(joystick.o)
 .debug_frame   0x00000574       0x50 C:\Users\Frosina\Documents\LPCXpresso_8.2.2_650\workspace\Lib_EaBaseBoard\Debug\libLib_EaBaseBoard.a(led7seg.o)
 .debug_frame   0x000005c4      0x24c C:\Users\Frosina\Documents\LPCXpresso_8.2.2_650\workspace\Lib_EaBaseBoard\Debug\libLib_EaBaseBoard.a(light.o)
 .debug_frame   0x00000810      0x244 C:\Users\Frosina\Documents\LPCXpresso_8.2.2_650\workspace\Lib_EaBaseBoard\Debug\libLib_EaBaseBoard.a(oled.o)
 .debug_frame   0x00000a54      0x1e8 C:\Users\Frosina\Documents\LPCXpresso_8.2.2_650\workspace\Lib_EaBaseBoard\Debug\libLib_EaBaseBoard.a(pca9532.o)
 .debug_frame   0x00000c3c       0x50 C:\Users\Frosina\Documents\LPCXpresso_8.2.2_650\workspace\Lib_EaBaseBoard\Debug\libLib_EaBaseBoard.a(rotary.o)
 .debug_frame   0x00000c8c       0x58 C:\Users\Frosina\Documents\LPCXpresso_8.2.2_650\workspace\Lib_EaBaseBoard\Debug\libLib_EaBaseBoard.a(temp.o)
 .debug_frame   0x00000ce4      0x1e8 C:\Users\Frosina\Documents\LPCXpresso_8.2.2_650\workspace\Lib_MCU\Debug\libLib_MCU.a(lpc17xx_adc.o)
 .debug_frame   0x00000ecc      0x13c C:\Users\Frosina\Documents\LPCXpresso_8.2.2_650\workspace\Lib_MCU\Debug\libLib_MCU.a(lpc17xx_clkpwr.o)
 .debug_frame   0x00001008      0x428 C:\Users\Frosina\Documents\LPCXpresso_8.2.2_650\workspace\Lib_MCU\Debug\libLib_MCU.a(lpc17xx_gpio.o)
 .debug_frame   0x00001430      0x374 C:\Users\Frosina\Documents\LPCXpresso_8.2.2_650\workspace\Lib_MCU\Debug\libLib_MCU.a(lpc17xx_i2c.o)
 .debug_frame   0x000017a4       0xfc C:\Users\Frosina\Documents\LPCXpresso_8.2.2_650\workspace\Lib_MCU\Debug\libLib_MCU.a(lpc17xx_pinsel.o)
 .debug_frame   0x000018a0      0x2a0 C:\Users\Frosina\Documents\LPCXpresso_8.2.2_650\workspace\Lib_MCU\Debug\libLib_MCU.a(lpc17xx_ssp.o)
 .debug_frame   0x00001b40      0x2a4 C:\Users\Frosina\Documents\LPCXpresso_8.2.2_650\workspace\Lib_MCU\Debug\libLib_MCU.a(lpc17xx_timer.o)
 .debug_frame   0x00001de4       0x2c c:/nxp/lpcxpresso_8.2.2_650/lpcxpresso/tools/bin/../lib/gcc/arm-none-eabi/5.4.1/armv7-m\libgcc.a(_aeabi_uldivmod.o)
 .debug_frame   0x00001e10       0x38 c:/nxp/lpcxpresso_8.2.2_650/lpcxpresso/tools/bin/../lib/gcc/arm-none-eabi/5.4.1/armv7-m\libgcc.a(_udivmoddi4.o)
 .debug_frame   0x00001e48       0x34 c:/nxp/lpcxpresso_8.2.2_650/lpcxpresso/tools/bin/../lib/gcc/arm-none-eabi/5.4.1/../../../../arm-none-eabi/lib/armv7-m\libc.a(lib_a-memset.o)
