Archive member included to satisfy reference by file (symbol)

C:\Users\Frosina\Documents\LPCXpresso_8.2.2_650\workspace\Lib_CMSISv1p30_LPC17xx\Debug\libCMSISv1p30_LPC17xx.a(system_LPC17xx.o)
                              ./src/main.o (SystemCoreClock)
C:\Users\Frosina\Documents\LPCXpresso_8.2.2_650\workspace\Lib_EaBaseBoard\Debug\libLib_EaBaseBoard.a(eeprom.o)
                              ./src/main.o (eeprom_init)
C:\Users\Frosina\Documents\LPCXpresso_8.2.2_650\workspace\Lib_EaBaseBoard\Debug\libLib_EaBaseBoard.a(joystick.o)
                              ./src/main.o (joystick_init)
C:\Users\Frosina\Documents\LPCXpresso_8.2.2_650\workspace\Lib_EaBaseBoard\Debug\libLib_EaBaseBoard.a(led7seg.o)
                              ./src/main.o (led7seg_init)
C:\Users\Frosina\Documents\LPCXpresso_8.2.2_650\workspace\Lib_EaBaseBoard\Debug\libLib_EaBaseBoard.a(light.o)
                              ./src/main.o (light_init)
C:\Users\Frosina\Documents\LPCXpresso_8.2.2_650\workspace\Lib_EaBaseBoard\Debug\libLib_EaBaseBoard.a(oled.o)
                              ./src/main.o (oled_init)
C:\Users\Frosina\Documents\LPCXpresso_8.2.2_650\workspace\Lib_EaBaseBoard\Debug\libLib_EaBaseBoard.a(pca9532.o)
                              ./src/main.o (pca9532_init)
C:\Users\Frosina\Documents\LPCXpresso_8.2.2_650\workspace\Lib_EaBaseBoard\Debug\libLib_EaBaseBoard.a(rotary.o)
                              ./src/main.o (rotary_init)
C:\Users\Frosina\Documents\LPCXpresso_8.2.2_650\workspace\Lib_EaBaseBoard\Debug\libLib_EaBaseBoard.a(temp.o)
                              ./src/main.o (temp_init)
C:\Users\Frosina\Documents\LPCXpresso_8.2.2_650\workspace\Lib_EaBaseBoard\Debug\libLib_EaBaseBoard.a(font5x7.o)
                              C:\Users\Frosina\Documents\LPCXpresso_8.2.2_650\workspace\Lib_EaBaseBoard\Debug\libLib_EaBaseBoard.a(oled.o) (font5x7)
C:\Users\Frosina\Documents\LPCXpresso_8.2.2_650\workspace\Lib_MCU\Debug\libLib_MCU.a(lpc17xx_adc.o)
                              ./src/main.o (ADC_Init)
C:\Users\Frosina\Documents\LPCXpresso_8.2.2_650\workspace\Lib_MCU\Debug\libLib_MCU.a(lpc17xx_clkpwr.o)
                              C:\Users\Frosina\Documents\LPCXpresso_8.2.2_650\workspace\Lib_MCU\Debug\libLib_MCU.a(lpc17xx_adc.o) (CLKPWR_GetPCLK)
C:\Users\Frosina\Documents\LPCXpresso_8.2.2_650\workspace\Lib_MCU\Debug\libLib_MCU.a(lpc17xx_gpio.o)
                              ./src/main.o (GPIO_SetDir)
C:\Users\Frosina\Documents\LPCXpresso_8.2.2_650\workspace\Lib_MCU\Debug\libLib_MCU.a(lpc17xx_i2c.o)
                              ./src/main.o (I2C_Init)
C:\Users\Frosina\Documents\LPCXpresso_8.2.2_650\workspace\Lib_MCU\Debug\libLib_MCU.a(lpc17xx_pinsel.o)
                              ./src/main.o (PINSEL_ConfigPin)
C:\Users\Frosina\Documents\LPCXpresso_8.2.2_650\workspace\Lib_MCU\Debug\libLib_MCU.a(lpc17xx_ssp.o)
                              ./src/main.o (SSP_Init)
C:\Users\Frosina\Documents\LPCXpresso_8.2.2_650\workspace\Lib_MCU\Debug\libLib_MCU.a(lpc17xx_timer.o)
                              ./src/main.o (Timer0_Wait)
c:/nxp/lpcxpresso_8.2.2_650/lpcxpresso/tools/bin/../lib/gcc/arm-none-eabi/5.4.1/armv7-m\libgcc.a(_arm_addsubsf3.o)
                              ./src/oled_graphing.o (__aeabi_i2f)
c:/nxp/lpcxpresso_8.2.2_650/lpcxpresso/tools/bin/../lib/gcc/arm-none-eabi/5.4.1/armv7-m\libgcc.a(_arm_muldivsf3.o)
                              ./src/oled_graphing.o (__aeabi_fmul)
c:/nxp/lpcxpresso_8.2.2_650/lpcxpresso/tools/bin/../lib/gcc/arm-none-eabi/5.4.1/armv7-m\libgcc.a(_arm_cmpsf2.o)
                              ./src/oled_graphing.o (__aeabi_fcmplt)
c:/nxp/lpcxpresso_8.2.2_650/lpcxpresso/tools/bin/../lib/gcc/arm-none-eabi/5.4.1/armv7-m\libgcc.a(_arm_fixunssfsi.o)
                              ./src/oled_graphing.o (__aeabi_f2uiz)
c:/nxp/lpcxpresso_8.2.2_650/lpcxpresso/tools/bin/../lib/gcc/arm-none-eabi/5.4.1/armv7-m\libgcc.a(_aeabi_uldivmod.o)
                              C:\Users\Frosina\Documents\LPCXpresso_8.2.2_650\workspace\Lib_CMSISv1p30_LPC17xx\Debug\libCMSISv1p30_LPC17xx.a(system_LPC17xx.o) (__aeabi_uldivmod)
c:/nxp/lpcxpresso_8.2.2_650/lpcxpresso/tools/bin/../lib/gcc/arm-none-eabi/5.4.1/armv7-m\libgcc.a(_udivmoddi4.o)
                              c:/nxp/lpcxpresso_8.2.2_650/lpcxpresso/tools/bin/../lib/gcc/arm-none-eabi/5.4.1/armv7-m\libgcc.a(_aeabi_uldivmod.o) (__udivmoddi4)
c:/nxp/lpcxpresso_8.2.2_650/lpcxpresso/tools/bin/../lib/gcc/arm-none-eabi/5.4.1/armv7-m\libgcc.a(_dvmd_tls.o)
                              c:/nxp/lpcxpresso_8.2.2_650/lpcxpresso/tools/bin/../lib/gcc/arm-none-eabi/5.4.1/armv7-m\libgcc.a(_aeabi_uldivmod.o) (__aeabi_ldiv0)
c:/nxp/lpcxpresso_8.2.2_650/lpcxpresso/tools/bin/../lib/gcc/arm-none-eabi/5.4.1/../../../../arm-none-eabi/lib/armv7-m\libc.a(lib_a-memcpy.o)
                              C:\Users\Frosina\Documents\LPCXpresso_8.2.2_650\workspace\Lib_EaBaseBoard\Debug\libLib_EaBaseBoard.a(eeprom.o) (memcpy)
[...]
Memory Configuration

Name             Origin             Length             Attributes
MFlash512        0x00000000         0x00080000         xr
RamLoc32         0x10000000         0x00008000         xrw
RamAHB32         0x2007c000         0x00008000         xrw
*default*        0x00000000         0xffffffff

Linker script and memory map

LOAD ./src/cr_startup_lpc17.o
LOAD ./src/main.o
LOAD ./src/oled_graphing.o
LOAD C:\Users\Frosina\Documents\LPCXpresso_8.2.2_650\workspace\Lib_CMSISv1p30_LPC17xx\Debug\libCMSISv1p30_LPC17xx.a
LOAD C:\Users\Frosina\Documents\LPCXpresso_8.2.2_650\workspace\Lib_EaBaseBoard\Debug\libLib_EaBaseBoard.a
LOAD C:\Users\Frosina\Documents\LPCXpresso_8.2.2_650\workspace\Lib_MCU\Debug\libLib_MCU.a
START GROUP
LOAD c:/nxp/lpcxpresso_8.2.2_650/lpcxpresso/tools/bin/../lib/gcc/arm-none-eabi/5.4.1/armv7-m\libgcc.a
LOAD c:/nxp/lpcxpresso_8.2.2_650/lpcxpresso/tools/bin/../lib/gcc/arm-none-eabi/5.4.1/../../../../arm-none-eabi/lib/armv7-m\libc.a
LOAD c:/nxp/lpcxpresso_8.2.2_650/lpcxpresso/tools/bin/../lib/gcc/arm-none-eabi/5.4.1/../../../../arm-none-eabi/lib/armv7-m\libm.a
LOAD c:/nxp/lpcxpresso_8.2.2_650/lpcxpresso/tools/bin/../lib/gcc/arm-none-eabi/5.4.1/../../../../arm-none-eabi/lib/armv7-m\libcr_newlib_semihost.a
END GROUP
                0x00000000                __base_MFlash512 = 0x0
                0x00000000                __base_Flash = 0x0
                0x00080000                __top_MFlash512 = 0x80000
                0x00080000                __top_Flash = 0x80000
                0x10000000                __base_RamLoc32 = 0x10000000
                0x10000000                __base_RAM = 0x10000000
                0x10008000                __top_RamLoc32 = 0x10008000
                0x10008000                __top_RAM = 0x10008000
                0x2007c000                __base_RamAHB32 = 0x2007c000
                0x2007c000                __base_RAM2 = 0x2007c000
                0x20084000                __top_RamAHB32 = 0x20084000
                0x20084000                __top_RAM2 = 0x20084000

.text           0x00000000     0x4f60
 FILL mask 0xff
                0x00000000                __vectors_start__ = ABSOLUTE (.)
 *(.isr_vector)
 .isr_vector    0x00000000       0xcc ./src/cr_startup_lpc17.o
                0x00000000                g_pfnVectors
                0x000000cc                . = ALIGN (0x4)
                0x000000cc                __section_table_start = .
                0x000000cc                __data_section_table = .
                0x000000cc        0x4 LONG 0x4f68 LOADADDR (.data)
                0x000000d0        0x4 LONG 0x10000000 ADDR (.data)
                0x000000d4        0x4 LONG 0xa0 SIZEOF (.data)
                0x000000d8        0x4 LONG 0x4f68 LOADADDR (.data_RAM2)
                0x000000dc        0x4 LONG 0x2007c000 ADDR (.data_RAM2)
                0x000000e0        0x4 LONG 0x0 SIZEOF (.data_RAM2)
                0x000000e4                __data_section_table_end = .
                0x000000e4                __bss_section_table = .
                0x000000e4        0x4 LONG 0x100000a0 ADDR (.bss)
                0x000000e8        0x4 LONG 0x3e0 SIZEOF (.bss)
                0x000000ec        0x4 LONG 0x2007c000 ADDR (.bss_RAM2)
                0x000000f0        0x4 LONG 0x0 SIZEOF (.bss_RAM2)
                0x000000f4                __bss_section_table_end = .
                0x000000f4                __section_table_end = .
 *(.after_vectors*)
 *(.text*)
 .text.ResetISR
                0x000000f4       0x58 ./src/cr_startup_lpc17.o
                0x000000f4                ResetISR
 .text.NMI_Handler
                0x0000014c        0x8 ./src/cr_startup_lpc17.o
                0x0000014c                NMI_Handler
 .text.HardFault_Handler
                0x00000154        0x8 ./src/cr_startup_lpc17.o
                0x00000154                HardFault_Handler
 .text.MemManage_Handler
                0x0000015c        0x8 ./src/cr_startup_lpc17.o
                0x0000015c                MemManage_Handler
 .text.BusFault_Handler
                0x00000164        0x8 ./src/cr_startup_lpc17.o
                0x00000164                BusFault_Handler
 .text.UsageFault_Handler
                0x0000016c        0x8 ./src/cr_startup_lpc17.o
                0x0000016c                UsageFault_Handler
 .text.SVCall_Handler
                0x00000174        0x8 ./src/cr_startup_lpc17.o
                0x00000174                SVCall_Handler
 .text.DebugMon_Handler
                0x0000017c        0x8 ./src/cr_startup_lpc17.o
                0x0000017c                DebugMon_Handler
 .text.PendSV_Handler
                0x00000184        0x8 ./src/cr_startup_lpc17.o
                0x00000184                PendSV_Handler
 .text.IntDefaultHandler
                0x0000018c        0x8 ./src/cr_startup_lpc17.o
                0x0000018c                TIMER2_IRQHandler
                0x0000018c                RIT_IRQHandler
                0x0000018c                I2C0_IRQHandler
                0x0000018c                USBActivity_IRQHandler
                0x0000018c                PWM1_IRQHandler
                0x0000018c                I2C1_IRQHandler
                0x0000018c                EINT2_IRQHandler
                0x0000018c                UART1_IRQHandler
                0x0000018c                EINT3_IRQHandler
                0x0000018c                CANActivity_IRQHandler
                0x0000018c                TIMER3_IRQHandler
                0x0000018c                UART0_IRQHandler
                0x0000018c                IntDefaultHandler
                0x0000018c                PLL0_IRQHandler
                0x0000018c                CAN_IRQHandler
                0x0000018c                PLL1_IRQHandler
                0x0000018c                SSP0_IRQHandler
                0x0000018c                I2S_IRQHandler
                0x0000018c                I2C2_IRQHandler
                0x0000018c                RTC_IRQHandler
                0x0000018c                TIMER0_IRQHandler
                0x0000018c                SPI_IRQHandler
                0x0000018c                EINT1_IRQHandler
                0x0000018c                TIMER1_IRQHandler
                0x0000018c                UART2_IRQHandler
                0x0000018c                ADC_IRQHandler
                0x0000018c                SSP1_IRQHandler
                0x0000018c                USB_IRQHandler
                0x0000018c                BOD_IRQHandler
                0x0000018c                WDT_IRQHandler
                0x0000018c                QEI_IRQHandler
                0x0000018c                EINT0_IRQHandler
                0x0000018c                DMA_IRQHandler
                0x0000018c                UART3_IRQHandler
                0x0000018c                MCPWM_IRQHandler
                0x0000018c                ENET_IRQHandler
 .text.NVIC_SetPriority
                0x00000194       0x54 ./src/main.o
 .text.SysTick_Config
                0x000001e8       0x44 ./src/main.o
 .text.intToString
                0x0000022c       0xc8 ./src/main.o
 .text.init_ssp
                0x000002f4       0x78 ./src/main.o
 .text.init_i2c
                0x0000036c       0x48 ./src/main.o
 .text.init_adc
                0x000003b4       0x50 ./src/main.o
 .text.SysTick_Handler
                0x00000404       0x1c ./src/main.o
                0x00000404                SysTick_Handler
 .text.getTicks
                0x00000420       0x14 ./src/main.o
 .text.change7Seg
                0x00000434       0x44 ./src/main.o
 .text.playNote
                0x00000478       0x68 ./src/main.o
 .text.getNote  0x000004e0       0x4c ./src/main.o
 .text.fill_buffer
                0x0000052c       0x48 ./src/main.o
                0x0000052c                fill_buffer
 .text.clear_buffer
                0x00000574       0x30 ./src/main.o
                0x00000574                clear_buffer
 .text.write_to_eeprom
                0x000005a4       0x78 ./src/main.o
                0x000005a4                write_to_eeprom
 .text.read_from_eeprom
                0x0000061c       0x84 ./src/main.o
                0x0000061c                read_from_eeprom
 .text.main     0x000006a0      0x81c ./src/main.o
                0x000006a0                main
 .text.check_failed
                0x00000ebc        0xc ./src/main.o
                0x00000ebc                check_failed
 .text.draw_graph_outline
                0x00000ec8       0xe8 ./src/oled_graphing.o
                0x00000ec8                draw_graph_outline
 .text.draw_data
                0x00000fb0      0x1c0 ./src/oled_graphing.o
                0x00000fb0                draw_data
 .text.SystemInit
                0x00001170      0x140 C:\Users\Frosina\Documents\LPCXpresso_8.2.2_650\workspace\Lib_CMSISv1p30_LPC17xx\Debug\libCMSISv1p30_LPC17xx.a(system_LPC17xx.o)
                0x00001170                SystemInit
 .text.I2CRead  0x000012b0       0x50 C:\Users\Frosina\Documents\LPCXpresso_8.2.2_650\workspace\Lib_EaBaseBoard\Debug\libLib_EaBaseBoard.a(eeprom.o)
 .text.I2CWrite
                0x00001300       0x50 C:\Users\Frosina\Documents\LPCXpresso_8.2.2_650\workspace\Lib_EaBaseBoard\Debug\libLib_EaBaseBoard.a(eeprom.o)
 .text.eepromDelay
                0x00001350       0x28 C:\Users\Frosina\Documents\LPCXpresso_8.2.2_650\workspace\Lib_EaBaseBoard\Debug\libLib_EaBaseBoard.a(eeprom.o)
 .text.eeprom_init
                0x00001378        0xc C:\Users\Frosina\Documents\LPCXpresso_8.2.2_650\workspace\Lib_EaBaseBoard\Debug\libLib_EaBaseBoard.a(eeprom.o)
                0x00001378                eeprom_init
 .text.eeprom_read
                0x00001384       0x84 C:\Users\Frosina\Documents\LPCXpresso_8.2.2_650\workspace\Lib_EaBaseBoard\Debug\libLib_EaBaseBoard.a(eeprom.o)
                0x00001384                eeprom_read
 .text.eeprom_write
                0x00001408       0xf4 C:\Users\Frosina\Documents\LPCXpresso_8.2.2_650\workspace\Lib_EaBaseBoard\Debug\libLib_EaBaseBoard.a(eeprom.o)
                0x00001408                eeprom_write
 .text.joystick_init
                0x000014fc       0x20 C:\Users\Frosina\Documents\LPCXpresso_8.2.2_650\workspace\Lib_EaBaseBoard\Debug\libLib_EaBaseBoard.a(joystick.o)
                0x000014fc                joystick_init
 .text.joystick_read
                0x0000151c       0x88 C:\Users\Frosina\Documents\LPCXpresso_8.2.2_650\workspace\Lib_EaBaseBoard\Debug\libLib_EaBaseBoard.a(joystick.o)
                0x0000151c                joystick_read
 .text.led7seg_init
                0x000015a4       0x1c C:\Users\Frosina\Documents\LPCXpresso_8.2.2_650\workspace\Lib_EaBaseBoard\Debug\libLib_EaBaseBoard.a(led7seg.o)
                0x000015a4                led7seg_init
 .text.led7seg_setChar
                0x000015c0       0x74 C:\Users\Frosina\Documents\LPCXpresso_8.2.2_650\workspace\Lib_EaBaseBoard\Debug\libLib_EaBaseBoard.a(led7seg.o)
                0x000015c0                led7seg_setChar
 .text.I2CRead  0x00001634       0x50 C:\Users\Frosina\Documents\LPCXpresso_8.2.2_650\workspace\Lib_EaBaseBoard\Debug\libLib_EaBaseBoard.a(light.o)
 .text.I2CWrite
                0x00001684       0x50 C:\Users\Frosina\Documents\LPCXpresso_8.2.2_650\workspace\Lib_EaBaseBoard\Debug\libLib_EaBaseBoard.a(light.o)
 .text.readControlReg
                0x000016d4       0x2c C:\Users\Frosina\Documents\LPCXpresso_8.2.2_650\workspace\Lib_EaBaseBoard\Debug\libLib_EaBaseBoard.a(light.o)
 .text.light_init
                0x00001700        0xc C:\Users\Frosina\Documents\LPCXpresso_8.2.2_650\workspace\Lib_EaBaseBoard\Debug\libLib_EaBaseBoard.a(light.o)
                0x00001700                light_init
 .text.light_enable
                0x0000170c       0x3c C:\Users\Frosina\Documents\LPCXpresso_8.2.2_650\workspace\Lib_EaBaseBoard\Debug\libLib_EaBaseBoard.a(light.o)
                0x0000170c                light_enable
 .text.light_read
                0x00001748       0x74 C:\Users\Frosina\Documents\LPCXpresso_8.2.2_650\workspace\Lib_EaBaseBoard\Debug\libLib_EaBaseBoard.a(light.o)
                0x00001748                light_read
 .text.light_setRange
                0x000017bc       0x90 C:\Users\Frosina\Documents\LPCXpresso_8.2.2_650\workspace\Lib_EaBaseBoard\Debug\libLib_EaBaseBoard.a(light.o)
                0x000017bc                light_setRange
 .text.writeCommand
                0x0000184c       0x48 C:\Users\Frosina\Documents\LPCXpresso_8.2.2_650\workspace\Lib_EaBaseBoard\Debug\libLib_EaBaseBoard.a(oled.o)
 .text.writeData
                0x00001894       0x48 C:\Users\Frosina\Documents\LPCXpresso_8.2.2_650\workspace\Lib_EaBaseBoard\Debug\libLib_EaBaseBoard.a(oled.o)
 .text.writeDataLen
                0x000018dc       0x78 C:\Users\Frosina\Documents\LPCXpresso_8.2.2_650\workspace\Lib_EaBaseBoard\Debug\libLib_EaBaseBoard.a(oled.o)
 .text.runInitSequence
                0x00001954       0xd4 C:\Users\Frosina\Documents\LPCXpresso_8.2.2_650\workspace\Lib_EaBaseBoard\Debug\libLib_EaBaseBoard.a(oled.o)
 .text.hLine    0x00001a28       0x58 C:\Users\Frosina\Documents\LPCXpresso_8.2.2_650\workspace\Lib_EaBaseBoard\Debug\libLib_EaBaseBoard.a(oled.o)
 .text.vLine    0x00001a80       0x58 C:\Users\Frosina\Documents\LPCXpresso_8.2.2_650\workspace\Lib_EaBaseBoard\Debug\libLib_EaBaseBoard.a(oled.o)
 .text.oled_init
                0x00001ad8       0x74 C:\Users\Frosina\Documents\LPCXpresso_8.2.2_650\workspace\Lib_EaBaseBoard\Debug\libLib_EaBaseBoard.a(oled.o)
                0x00001ad8                oled_init
 .text.oled_putPixel
                0x00001b4c      0x150 C:\Users\Frosina\Documents\LPCXpresso_8.2.2_650\workspace\Lib_EaBaseBoard\Debug\libLib_EaBaseBoard.a(oled.o)
                0x00001b4c                oled_putPixel
 .text.oled_line
                0x00001c9c      0x1b8 C:\Users\Frosina\Documents\LPCXpresso_8.2.2_650\workspace\Lib_EaBaseBoard\Debug\libLib_EaBaseBoard.a(oled.o)
                0x00001c9c                oled_line
 .text.oled_circle
                0x00001e54      0x340 C:\Users\Frosina\Documents\LPCXpresso_8.2.2_650\workspace\Lib_EaBaseBoard\Debug\libLib_EaBaseBoard.a(oled.o)
                0x00001e54                oled_circle
 .text.oled_fillRect
                0x00002194       0xa0 C:\Users\Frosina\Documents\LPCXpresso_8.2.2_650\workspace\Lib_EaBaseBoard\Debug\libLib_EaBaseBoard.a(oled.o)
                0x00002194                oled_fillRect
 .text.oled_clearScreen
                0x00002234       0x64 C:\Users\Frosina\Documents\LPCXpresso_8.2.2_650\workspace\Lib_EaBaseBoard\Debug\libLib_EaBaseBoard.a(oled.o)
                0x00002234                oled_clearScreen
 .text.oled_putChar
                0x00002298       0xd8 C:\Users\Frosina\Documents\LPCXpresso_8.2.2_650\workspace\Lib_EaBaseBoard\Debug\libLib_EaBaseBoard.a(oled.o)
                0x00002298                oled_putChar
 .text.oled_putString
                0x00002370       0x54 C:\Users\Frosina\Documents\LPCXpresso_8.2.2_650\workspace\Lib_EaBaseBoard\Debug\libLib_EaBaseBoard.a(oled.o)
                0x00002370                oled_putString
 .text.pca9532_init
                0x000023c4        0xc C:\Users\Frosina\Documents\LPCXpresso_8.2.2_650\workspace\Lib_EaBaseBoard\Debug\libLib_EaBaseBoard.a(pca9532.o)
                0x000023c4                pca9532_init
 .text.rotary_init
                0x000023d0       0x14 C:\Users\Frosina\Documents\LPCXpresso_8.2.2_650\workspace\Lib_EaBaseBoard\Debug\libLib_EaBaseBoard.a(rotary.o)
                0x000023d0                rotary_init
 .text.rotary_read
                0x000023e4       0xd4 C:\Users\Frosina\Documents\LPCXpresso_8.2.2_650\workspace\Lib_EaBaseBoard\Debug\libLib_EaBaseBoard.a(rotary.o)
                0x000023e4                rotary_read
 .text.temp_init
                0x000024b8       0x24 C:\Users\Frosina\Documents\LPCXpresso_8.2.2_650\workspace\Lib_EaBaseBoard\Debug\libLib_EaBaseBoard.a(temp.o)
                0x000024b8                temp_init
 .text.temp_read
                0x000024dc       0xf0 C:\Users\Frosina\Documents\LPCXpresso_8.2.2_650\workspace\Lib_EaBaseBoard\Debug\libLib_EaBaseBoard.a(temp.o)
                0x000024dc                temp_read
 .text.ADC_Init
                0x000025cc       0x90 C:\Users\Frosina\Documents\LPCXpresso_8.2.2_650\workspace\Lib_MCU\Debug\libLib_MCU.a(lpc17xx_adc.o)
                0x000025cc                ADC_Init
 .text.ADC_StartCmd
                0x0000265c       0x80 C:\Users\Frosina\Documents\LPCXpresso_8.2.2_650\workspace\Lib_MCU\Debug\libLib_MCU.a(lpc17xx_adc.o)
                0x0000265c                ADC_StartCmd
 .text.ADC_IntConfig
                0x000026dc       0x9c C:\Users\Frosina\Documents\LPCXpresso_8.2.2_650\workspace\Lib_MCU\Debug\libLib_MCU.a(lpc17xx_adc.o)
                0x000026dc                ADC_IntConfig
 .text.ADC_ChannelCmd
                0x00002778       0x60 C:\Users\Frosina\Documents\LPCXpresso_8.2.2_650\workspace\Lib_MCU\Debug\libLib_MCU.a(lpc17xx_adc.o)
                0x00002778                ADC_ChannelCmd
 .text.ADC_ChannelGetData
                0x000027d8       0x4c C:\Users\Frosina\Documents\LPCXpresso_8.2.2_650\workspace\Lib_MCU\Debug\libLib_MCU.a(lpc17xx_adc.o)
                0x000027d8                ADC_ChannelGetData
 .text.ADC_ChannelGetStatus
                0x00002824       0x7c C:\Users\Frosina\Documents\LPCXpresso_8.2.2_650\workspace\Lib_MCU\Debug\libLib_MCU.a(lpc17xx_adc.o)
                0x00002824                ADC_ChannelGetStatus
 .text.CLKPWR_SetPCLKDiv
                0x000028a0       0x8c C:\Users\Frosina\Documents\LPCXpresso_8.2.2_650\workspace\Lib_MCU\Debug\libLib_MCU.a(lpc17xx_clkpwr.o)
                0x000028a0                CLKPWR_SetPCLKDiv
 .text.CLKPWR_GetPCLKSEL
                0x0000292c       0x48 C:\Users\Frosina\Documents\LPCXpresso_8.2.2_650\workspace\Lib_MCU\Debug\libLib_MCU.a(lpc17xx_clkpwr.o)
                0x0000292c                CLKPWR_GetPCLKSEL
 .text.CLKPWR_GetPCLK
                0x00002974       0x64 C:\Users\Frosina\Documents\LPCXpresso_8.2.2_650\workspace\Lib_MCU\Debug\libLib_MCU.a(lpc17xx_clkpwr.o)
                0x00002974                CLKPWR_GetPCLK
 .text.CLKPWR_ConfigPPWR
                0x000029d8       0x58 C:\Users\Frosina\Documents\LPCXpresso_8.2.2_650\workspace\Lib_MCU\Debug\libLib_MCU.a(lpc17xx_clkpwr.o)
                0x000029d8                CLKPWR_ConfigPPWR
 .text.GPIO_GetPointer
                0x00002a30       0x70 C:\Users\Frosina\Documents\LPCXpresso_8.2.2_650\workspace\Lib_MCU\Debug\libLib_MCU.a(lpc17xx_gpio.o)
 .text.GPIO_SetDir
                0x00002aa0       0x4c C:\Users\Frosina\Documents\LPCXpresso_8.2.2_650\workspace\Lib_MCU\Debug\libLib_MCU.a(lpc17xx_gpio.o)
                0x00002aa0                GPIO_SetDir
 .text.GPIO_SetValue
                0x00002aec       0x2c C:\Users\Frosina\Documents\LPCXpresso_8.2.2_650\workspace\Lib_MCU\Debug\libLib_MCU.a(lpc17xx_gpio.o)
                0x00002aec                GPIO_SetValue
 .text.GPIO_ClearValue
                0x00002b18       0x2c C:\Users\Frosina\Documents\LPCXpresso_8.2.2_650\workspace\Lib_MCU\Debug\libLib_MCU.a(lpc17xx_gpio.o)
                0x00002b18                GPIO_ClearValue
 .text.GPIO_ReadValue
                0x00002b44       0x2c C:\Users\Frosina\Documents\LPCXpresso_8.2.2_650\workspace\Lib_MCU\Debug\libLib_MCU.a(lpc17xx_gpio.o)
                0x00002b44                GPIO_ReadValue
 .text.NVIC_EnableIRQ
                0x00002b70       0x30 C:\Users\Frosina\Documents\LPCXpresso_8.2.2_650\workspace\Lib_MCU\Debug\libLib_MCU.a(lpc17xx_i2c.o)
 .text.NVIC_DisableIRQ
                0x00002ba0       0x34 C:\Users\Frosina\Documents\LPCXpresso_8.2.2_650\workspace\Lib_MCU\Debug\libLib_MCU.a(lpc17xx_i2c.o)
 .text.I2C_getNum
                0x00002bd4       0x48 C:\Users\Frosina\Documents\LPCXpresso_8.2.2_650\workspace\Lib_MCU\Debug\libLib_MCU.a(lpc17xx_i2c.o)
 .text.I2C_Start
                0x00002c1c       0x3c C:\Users\Frosina\Documents\LPCXpresso_8.2.2_650\workspace\Lib_MCU\Debug\libLib_MCU.a(lpc17xx_i2c.o)
 .text.I2C_Stop
                0x00002c58       0x30 C:\Users\Frosina\Documents\LPCXpresso_8.2.2_650\workspace\Lib_MCU\Debug\libLib_MCU.a(lpc17xx_i2c.o)
 .text.I2C_SendByte
                0x00002c88       0x4c C:\Users\Frosina\Documents\LPCXpresso_8.2.2_650\workspace\Lib_MCU\Debug\libLib_MCU.a(lpc17xx_i2c.o)
 .text.I2C_GetByte
                0x00002cd4       0x54 C:\Users\Frosina\Documents\LPCXpresso_8.2.2_650\workspace\Lib_MCU\Debug\libLib_MCU.a(lpc17xx_i2c.o)
 .text.I2C_SetClock
                0x00002d28       0xa4 C:\Users\Frosina\Documents\LPCXpresso_8.2.2_650\workspace\Lib_MCU\Debug\libLib_MCU.a(lpc17xx_i2c.o)
 .text.I2C_Init
                0x00002dcc       0xa4 C:\Users\Frosina\Documents\LPCXpresso_8.2.2_650\workspace\Lib_MCU\Debug\libLib_MCU.a(lpc17xx_i2c.o)
                0x00002dcc                I2C_Init
 .text.I2C_Cmd  0x00002e70       0x70 C:\Users\Frosina\Documents\LPCXpresso_8.2.2_650\workspace\Lib_MCU\Debug\libLib_MCU.a(lpc17xx_i2c.o)
                0x00002e70                I2C_Cmd
 .text.I2C_IntCmd
                0x00002ee0       0x88 C:\Users\Frosina\Documents\LPCXpresso_8.2.2_650\workspace\Lib_MCU\Debug\libLib_MCU.a(lpc17xx_i2c.o)
                0x00002ee0                I2C_IntCmd
 .text.I2C_MasterTransferData
                0x00002f68      0x2cc C:\Users\Frosina\Documents\LPCXpresso_8.2.2_650\workspace\Lib_MCU\Debug\libLib_MCU.a(lpc17xx_i2c.o)
                0x00002f68                I2C_MasterTransferData
 .text.set_PinFunc
                0x00003234       0x84 C:\Users\Frosina\Documents\LPCXpresso_8.2.2_650\workspace\Lib_MCU\Debug\libLib_MCU.a(lpc17xx_pinsel.o)
 .text.set_ResistorMode
                0x000032b8       0x84 C:\Users\Frosina\Documents\LPCXpresso_8.2.2_650\workspace\Lib_MCU\Debug\libLib_MCU.a(lpc17xx_pinsel.o)
 .text.set_OpenDrainMode
                0x0000333c       0x6c C:\Users\Frosina\Documents\LPCXpresso_8.2.2_650\workspace\Lib_MCU\Debug\libLib_MCU.a(lpc17xx_pinsel.o)
 .text.PINSEL_ConfigPin
                0x000033a8       0x48 C:\Users\Frosina\Documents\LPCXpresso_8.2.2_650\workspace\Lib_MCU\Debug\libLib_MCU.a(lpc17xx_pinsel.o)
                0x000033a8                PINSEL_ConfigPin
 .text.setSSPclock
                0x000033f0       0xc4 C:\Users\Frosina\Documents\LPCXpresso_8.2.2_650\workspace\Lib_MCU\Debug\libLib_MCU.a(lpc17xx_ssp.o)
 .text.SSP_Init
                0x000034b4       0x9c C:\Users\Frosina\Documents\LPCXpresso_8.2.2_650\workspace\Lib_MCU\Debug\libLib_MCU.a(lpc17xx_ssp.o)
                0x000034b4                SSP_Init
 .text.SSP_GetDataSize
                0x00003550       0x40 C:\Users\Frosina\Documents\LPCXpresso_8.2.2_650\workspace\Lib_MCU\Debug\libLib_MCU.a(lpc17xx_ssp.o)
                0x00003550                SSP_GetDataSize
 .text.SSP_ConfigStructInit
                0x00003590       0x3c C:\Users\Frosina\Documents\LPCXpresso_8.2.2_650\workspace\Lib_MCU\Debug\libLib_MCU.a(lpc17xx_ssp.o)
                0x00003590                SSP_ConfigStructInit
 .text.SSP_Cmd  0x000035cc       0x6c C:\Users\Frosina\Documents\LPCXpresso_8.2.2_650\workspace\Lib_MCU\Debug\libLib_MCU.a(lpc17xx_ssp.o)
                0x000035cc                SSP_Cmd
 .text.SSP_SendData
                0x00003638       0x40 C:\Users\Frosina\Documents\LPCXpresso_8.2.2_650\workspace\Lib_MCU\Debug\libLib_MCU.a(lpc17xx_ssp.o)
                0x00003638                SSP_SendData
 .text.SSP_ReceiveData
                0x00003678       0x3c C:\Users\Frosina\Documents\LPCXpresso_8.2.2_650\workspace\Lib_MCU\Debug\libLib_MCU.a(lpc17xx_ssp.o)
                0x00003678                SSP_ReceiveData
 .text.SSP_ReadWrite
                0x000036b4      0x350 C:\Users\Frosina\Documents\LPCXpresso_8.2.2_650\workspace\Lib_MCU\Debug\libLib_MCU.a(lpc17xx_ssp.o)
                0x000036b4                SSP_ReadWrite
 .text.getPClock
                0x00003a04       0x58 C:\Users\Frosina\Documents\LPCXpresso_8.2.2_650\workspace\Lib_MCU\Debug\libLib_MCU.a(lpc17xx_timer.o)
 .text.converUSecToVal
                0x00003a5c       0x58 C:\Users\Frosina\Documents\LPCXpresso_8.2.2_650\workspace\Lib_MCU\Debug\libLib_MCU.a(lpc17xx_timer.o)
 .text.converPtrToTimeNum
                0x00003ab4       0x5c C:\Users\Frosina\Documents\LPCXpresso_8.2.2_650\workspace\Lib_MCU\Debug\libLib_MCU.a(lpc17xx_timer.o)
 .text.TIM_GetIntStatus
                0x00003b10       0x98 C:\Users\Frosina\Documents\LPCXpresso_8.2.2_650\workspace\Lib_MCU\Debug\libLib_MCU.a(lpc17xx_timer.o)
                0x00003b10                TIM_GetIntStatus
 .text.TIM_ClearIntPending
                0x00003ba8       0x88 C:\Users\Frosina\Documents\LPCXpresso_8.2.2_650\workspace\Lib_MCU\Debug\libLib_MCU.a(lpc17xx_timer.o)
                0x00003ba8                TIM_ClearIntPending
 .text.TIM_Init
                0x00003c30      0x184 C:\Users\Frosina\Documents\LPCXpresso_8.2.2_650\workspace\Lib_MCU\Debug\libLib_MCU.a(lpc17xx_timer.o)
                0x00003c30                TIM_Init
 .text.TIM_Cmd  0x00003db4       0x70 C:\Users\Frosina\Documents\LPCXpresso_8.2.2_650\workspace\Lib_MCU\Debug\libLib_MCU.a(lpc17xx_timer.o)
                0x00003db4                TIM_Cmd
 .text.TIM_ConfigMatch
                0x00003e24      0x184 C:\Users\Frosina\Documents\LPCXpresso_8.2.2_650\workspace\Lib_MCU\Debug\libLib_MCU.a(lpc17xx_timer.o)
                0x00003e24                TIM_ConfigMatch
 .text.Timer0_Wait
                0x00003fa8       0x78 C:\Users\Frosina\Documents\LPCXpresso_8.2.2_650\workspace\Lib_MCU\Debug\libLib_MCU.a(lpc17xx_timer.o)
                0x00003fa8                Timer0_Wait
 .text.Timer0_us_Wait
                0x00004020       0x74 C:\Users\Frosina\Documents\LPCXpresso_8.2.2_650\workspace\Lib_MCU\Debug\libLib_MCU.a(lpc17xx_timer.o)
                0x00004020                Timer0_us_Wait
 .text          0x00004094      0x21c c:/nxp/lpcxpresso_8.2.2_650/lpcxpresso/tools/bin/../lib/gcc/arm-none-eabi/5.4.1/armv7-m\libgcc.a(_arm_addsubsf3.o)
                0x00004094                __aeabi_frsub
                0x0000409c                __subsf3
                0x0000409c                __aeabi_fsub
                0x000040a0                __aeabi_fadd
                0x000040a0                __addsf3
                0x00004200                __aeabi_ui2f
                0x00004200                __floatunsisf
                0x00004208                __aeabi_i2f
                0x00004208                __floatsisf
                0x00004224                __aeabi_ul2f
                0x00004224                __floatundisf
                0x00004234                __aeabi_l2f
                0x00004234                __floatdisf
 .text          0x000042b0      0x2a0 c:/nxp/lpcxpresso_8.2.2_650/lpcxpresso/tools/bin/../lib/gcc/arm-none-eabi/5.4.1/armv7-m\libgcc.a(_arm_muldivsf3.o)
                0x000042b0                __mulsf3
                0x000042b0                __aeabi_fmul
                0x00004418                __aeabi_fdiv
                0x00004418                __divsf3
 .text          0x00004550       0xec c:/nxp/lpcxpresso_8.2.2_650/lpcxpresso/tools/bin/../lib/gcc/arm-none-eabi/5.4.1/armv7-m\libgcc.a(_arm_cmpsf2.o)
                0x00004550                __gesf2
                0x00004550                __gtsf2
                0x00004558                __lesf2
                0x00004558                __ltsf2
                0x00004560                __nesf2
                0x00004560                __eqsf2
                0x00004560                __cmpsf2
                0x000045c0                __aeabi_cfrcmple
                0x000045c8                __aeabi_cfcmpeq
                0x000045c8                __aeabi_cfcmple
                0x000045d8                __aeabi_fcmpeq
                0x000045ec                __aeabi_fcmplt
                0x00004600                __aeabi_fcmple
                0x00004614                __aeabi_fcmpge
                0x00004628                __aeabi_fcmpgt
 .text          0x0000463c       0x40 c:/nxp/lpcxpresso_8.2.2_650/lpcxpresso/tools/bin/../lib/gcc/arm-none-eabi/5.4.1/armv7-m\libgcc.a(_arm_fixunssfsi.o)
                0x0000463c                __fixunssfsi
                0x0000463c                __aeabi_f2uiz
 .text          0x0000467c       0x30 c:/nxp/lpcxpresso_8.2.2_650/lpcxpresso/tools/bin/../lib/gcc/arm-none-eabi/5.4.1/armv7-m\libgcc.a(_aeabi_uldivmod.o)
                0x0000467c                __aeabi_uldivmod
 .text          0x000046ac      0x2ec c:/nxp/lpcxpresso_8.2.2_650/lpcxpresso/tools/bin/../lib/gcc/arm-none-eabi/5.4.1/armv7-m\libgcc.a(_udivmoddi4.o)
                0x000046ac                __udivmoddi4
 .text          0x00004998        0x4 c:/nxp/lpcxpresso_8.2.2_650/lpcxpresso/tools/bin/../lib/gcc/arm-none-eabi/5.4.1/armv7-m\libgcc.a(_dvmd_tls.o)
                0x00004998                __aeabi_idiv0
                0x00004998                __aeabi_ldiv0
 .text          0x0000499c       0xec c:/nxp/lpcxpresso_8.2.2_650/lpcxpresso/tools/bin/../lib/gcc/arm-none-eabi/5.4.1/../../../../arm-none-eabi/lib/armv7-m\libc.a(lib_a-memcpy.o)
                0x0000499c                memcpy
 .text.memset   0x00004a88       0x9c c:/nxp/lpcxpresso_8.2.2_650/lpcxpresso/tools/bin/../lib/gcc/arm-none-eabi/5.4.1/../../../../arm-none-eabi/lib/armv7-m\libc.a(lib_a-memset.o)
                0x00004a88                memset
 *(.rodata .rodata.* .constdata .constdata.*)
 .rodata        0x00004b24       0xd1 ./src/main.o
 *fill*         0x00004bf5        0x3 ff
 .rodata        0x00004bf8        0x8 C:\Users\Frosina\Documents\LPCXpresso_8.2.2_650\workspace\Lib_EaBaseBoard\Debug\libLib_EaBaseBoard.a(oled.o)
 .rodata        0x00004c00      0x300 C:\Users\Frosina\Documents\LPCXpresso_8.2.2_650\workspace\Lib_EaBaseBoard\Debug\libLib_EaBaseBoard.a(font5x7.o)
                0x00004c00                font5x7
 .rodata        0x00004f00       0x15 C:\Users\Frosina\Documents\LPCXpresso_8.2.2_650\workspace\Lib_MCU\Debug\libLib_MCU.a(lpc17xx_adc.o)
 *fill*         0x00004f15        0x3 ff
 .rodata        0x00004f18       0x15 C:\Users\Frosina\Documents\LPCXpresso_8.2.2_650\workspace\Lib_MCU\Debug\libLib_MCU.a(lpc17xx_i2c.o)
 *fill*         0x00004f2d        0x3 ff
 .rodata        0x00004f30       0x15 C:\Users\Frosina\Documents\LPCXpresso_8.2.2_650\workspace\Lib_MCU\Debug\libLib_MCU.a(lpc17xx_ssp.o)
 *fill*         0x00004f45        0x3 ff
 .rodata        0x00004f48       0x17 C:\Users\Frosina\Documents\LPCXpresso_8.2.2_650\workspace\Lib_MCU\Debug\libLib_MCU.a(lpc17xx_timer.o)
                0x00004f60                . = ALIGN (0x4)
 *fill*         0x00004f5f        0x1 ff

.glue_7         0x00004f60        0x0
 .glue_7        0x00004f60        0x0 linker stubs

.glue_7t        0x00004f60        0x0
 .glue_7t       0x00004f60        0x0 linker stubs

.vfp11_veneer   0x00004f60        0x0
 .vfp11_veneer  0x00004f60        0x0 linker stubs

.v4_bx          0x00004f60        0x0
 .v4_bx         0x00004f60        0x0 linker stubs

.iplt           0x00004f60        0x0
 .iplt          0x00004f60        0x0 ./src/cr_startup_lpc17.o

.ARM.extab
 *(.ARM.extab* .gnu.linkonce.armextab.*)
                0x00004f60                __exidx_start = .

.ARM.exidx      0x00004f60        0x8
 *(.ARM.exidx* .gnu.linkonce.armexidx.*)
 .ARM.exidx     0x00004f60        0x8 c:/nxp/lpcxpresso_8.2.2_650/lpcxpresso/tools/bin/../lib/gcc/arm-none-eabi/5.4.1/armv7-m\libgcc.a(_udivmoddi4.o)
                0x00004f68                __exidx_end = .
                0x00004f68                _etext = .

.rel.dyn        0x00004f68        0x0
 .rel.iplt      0x00004f68        0x0 ./src/cr_startup_lpc17.o

.data_RAM2      0x2007c000        0x0 load address 0x00004f68
 FILL mask 0xff
                [!provide]                PROVIDE (__start_data_RAM2, .)
 *(.ramfunc.$RAM2)
 *(.ramfunc.$RamAHB32)
 *(.data.$RAM2*)
 *(.data.$RamAHB32*)
                0x2007c000                . = ALIGN (0x4)
                [!provide]                PROVIDE (__end_data_RAM2, .)

.uninit_RESERVED
                0x10000000        0x0
 *(.bss.$RESERVED*)
                0x10000000                . = ALIGN (0x4)
                0x10000000                _end_uninit_RESERVED = .

.data           0x10000000       0xa0 load address 0x00004f68
 FILL mask 0xff
                0x10000000                _data = .
 *(vtable)
 *(.ramfunc*)
 *(.data*)
 .data          0x10000000       0x44 ./src/main.o
 .data          0x10000044        0x4 C:\Users\Frosina\Documents\LPCXpresso_8.2.2_650\workspace\Lib_CMSISv1p30_LPC17xx\Debug\libCMSISv1p30_LPC17xx.a(system_LPC17xx.o)
                0x10000044                SystemCoreClock
 .data          0x10000048       0x50 C:\Users\Frosina\Documents\LPCXpresso_8.2.2_650\workspace\Lib_EaBaseBoard\Debug\libLib_EaBaseBoard.a(led7seg.o)
 .data          0x10000098        0x8 C:\Users\Frosina\Documents\LPCXpresso_8.2.2_650\workspace\Lib_EaBaseBoard\Debug\libLib_EaBaseBoard.a(light.o)
                0x100000a0                . = ALIGN (0x4)
                0x100000a0                _edata = .

.igot.plt       0x100000a0        0x0 load address 0x00005008
 .igot.plt      0x100000a0        0x0 ./src/cr_startup_lpc17.o

.bss_RAM2       0x2007c000        0x0
                [!provide]                PROVIDE (__start_bss_RAM2, .)
 *(.bss.$RAM2*)
 *(.bss.$RamAHB32*)
                0x2007c000                . = ALIGN ((. != 0x0)?0x4:0x1)
                [!provide]                PROVIDE (__end_bss_RAM2, .)

.bss            0x100000a0      0x3e0
                0x100000a0                _bss = .
 *(.bss*)
 .bss           0x100000a0       0xa4 ./src/main.o
 .bss           0x10000144      0x300 C:\Users\Frosina\Documents\LPCXpresso_8.2.2_650\workspace\Lib_EaBaseBoard\Debug\libLib_EaBaseBoard.a(oled.o)
 .bss           0x10000444        0x4 C:\Users\Frosina\Documents\LPCXpresso_8.2.2_650\workspace\Lib_EaBaseBoard\Debug\libLib_EaBaseBoard.a(temp.o)
 .bss           0x10000448       0x34 C:\Users\Frosina\Documents\LPCXpresso_8.2.2_650\workspace\Lib_MCU\Debug\libLib_MCU.a(lpc17xx_i2c.o)
 *(COMMON)
 COMMON         0x1000047c        0x2 ./src/oled_graphing.o
                0x1000047c                color_data
                0x1000047d                color_bg_data
                0x10000480                . = ALIGN (0x4)
 *fill*         0x1000047e        0x2 
                0x10000480                _ebss = .
                [!provide]                PROVIDE (end, .)

.noinit_RAM2    0x2007c000        0x0
 *(.noinit.$RAM2*)
 *(.noinit.$RamAHB32*)
                0x2007c000                . = ALIGN (0x4)

.noinit         0x10000480        0x0
                0x10000480                _noinit = .
 *(.noinit*)
                0x10000480                . = ALIGN (0x4)
                0x10000480                _end_noinit = .
                [!provide]                PROVIDE (_pvHeapStart, DEFINED (__user_heap_base)?__user_heap_base:.)
                0x10008000                PROVIDE (_vStackTop, DEFINED (__user_stack_top)?__user_stack_top:(__top_RamLoc32 - 0x0))
                [!provide]                PROVIDE (__valid_user_code_checksum, (0x0 - ((((((_vStackTop + (ResetISR + 0x1)) + (NMI_Handler + 0x1)) + (HardFault_Handler + 0x1)) + (DEFINED (MemManage_Handler)?MemManage_Handler:0x0 + 0x1)) + (DEFINED (BusFault_Handler)?BusFault_Handler:0x0 + 0x1)) + (DEFINED (UsageFault_Handler)?UsageFault_Handler:0x0 + 0x1))))
OUTPUT(bnc_oled.axf elf32-littlearm)

.debug_info     0x00000000     0x6ff6
 .debug_info    0x00000000      0x1b6 ./src/cr_startup_lpc17.o
 .debug_info    0x000001b6      0xf42 ./src/main.o
 .debug_info    0x000010f8      0x253 ./src/oled_graphing.o
 .debug_info    0x0000134b      0x2e3 C:\Users\Frosina\Documents\LPCXpresso_8.2.2_650\workspace\Lib_CMSISv1p30_LPC17xx\Debug\libCMSISv1p30_LPC17xx.a(system_LPC17xx.o)
 .debug_info    0x0000162e      0x476 C:\Users\Frosina\Documents\LPCXpresso_8.2.2_650\workspace\Lib_EaBaseBoard\Debug\libLib_EaBaseBoard.a(eeprom.o)
 .debug_info    0x00001aa4       0xfa C:\Users\Frosina\Documents\LPCXpresso_8.2.2_650\workspace\Lib_EaBaseBoard\Debug\libLib_EaBaseBoard.a(joystick.o)
 .debug_info    0x00001b9e      0x244 C:\Users\Frosina\Documents\LPCXpresso_8.2.2_650\workspace\Lib_EaBaseBoard\Debug\libLib_EaBaseBoard.a(led7seg.o)
 .debug_info    0x00001de2      0x6fb C:\Users\Frosina\Documents\LPCXpresso_8.2.2_650\workspace\Lib_EaBaseBoard\Debug\libLib_EaBaseBoard.a(light.o)
 .debug_info    0x000024dd      0x90b C:\Users\Frosina\Documents\LPCXpresso_8.2.2_650\workspace\Lib_EaBaseBoard\Debug\libLib_EaBaseBoard.a(oled.o)
 .debug_info    0x00002de8      0x5d6 C:\Users\Frosina\Documents\LPCXpresso_8.2.2_650\workspace\Lib_EaBaseBoard\Debug\libLib_EaBaseBoard.a(pca9532.o)
 .debug_info    0x000033be       0xed C:\Users\Frosina\Documents\LPCXpresso_8.2.2_650\workspace\Lib_EaBaseBoard\Debug\libLib_EaBaseBoard.a(rotary.o)
 .debug_info    0x000034ab      0x13e C:\Users\Frosina\Documents\LPCXpresso_8.2.2_650\workspace\Lib_EaBaseBoard\Debug\libLib_EaBaseBoard.a(temp.o)
 .debug_info    0x000035e9       0x61 C:\Users\Frosina\Documents\LPCXpresso_8.2.2_650\workspace\Lib_EaBaseBoard\Debug\libLib_EaBaseBoard.a(font5x7.o)
 .debug_info    0x0000364a      0x5da C:\Users\Frosina\Documents\LPCXpresso_8.2.2_650\workspace\Lib_MCU\Debug\libLib_MCU.a(lpc17xx_adc.o)
 .debug_info    0x00003c24      0x5a5 C:\Users\Frosina\Documents\LPCXpresso_8.2.2_650\workspace\Lib_MCU\Debug\libLib_MCU.a(lpc17xx_clkpwr.o)
 .debug_info    0x000041c9      0xd22 C:\Users\Frosina\Documents\LPCXpresso_8.2.2_650\workspace\Lib_MCU\Debug\libLib_MCU.a(lpc17xx_gpio.o)
 .debug_info    0x00004eeb      0xcf2 C:\Users\Frosina\Documents\LPCXpresso_8.2.2_650\workspace\Lib_MCU\Debug\libLib_MCU.a(lpc17xx_i2c.o)
 .debug_info    0x00005bdd      0x44e C:\Users\Frosina\Documents\LPCXpresso_8.2.2_650\workspace\Lib_MCU\Debug\libLib_MCU.a(lpc17xx_pinsel.o)
 .debug_info    0x0000602b      0x711 C:\Users\Frosina\Documents\LPCXpresso_8.2.2_650\workspace\Lib_MCU\Debug\libLib_MCU.a(lpc17xx_ssp.o)
 .debug_info    0x0000673c      0x8ba C:\Users\Frosina\Documents\LPCXpresso_8.2.2_650\workspace\Lib_MCU\Debug\libLib_MCU.a(lpc17xx_timer.o)

.debug_abbrev   0x00000000     0x1c6e
 .debug_abbrev  0x00000000       0xb9 ./src/cr_startup_lpc17.o
 .debug_abbrev  0x000000b9      0x2d6 ./src/main.o
 .debug_abbrev  0x0000038f       0xe3 ./src/oled_graphing.o
 .debug_abbrev  0x00000472       0xe6 C:\Users\Frosina\Documents\LPCXpresso_8.2.2_650\workspace\Lib_CMSISv1p30_LPC17xx\Debug\libCMSISv1p30_LPC17xx.a(system_LPC17xx.o)
 .debug_abbrev  0x00000558      0x16d C:\Users\Frosina\Documents\LPCXpresso_8.2.2_650\workspace\Lib_EaBaseBoard\Debug\libLib_EaBaseBoard.a(eeprom.o)
 .debug_abbrev  0x000006c5       0x95 C:\Users\Frosina\Documents\LPCXpresso_8.2.2_650\workspace\Lib_EaBaseBoard\Debug\libLib_EaBaseBoard.a(joystick.o)
 .debug_abbrev  0x0000075a      0x130 C:\Users\Frosina\Documents\LPCXpresso_8.2.2_650\workspace\Lib_EaBaseBoard\Debug\libLib_EaBaseBoard.a(led7seg.o)
 .debug_abbrev  0x0000088a      0x1d2 C:\Users\Frosina\Documents\LPCXpresso_8.2.2_650\workspace\Lib_EaBaseBoard\Debug\libLib_EaBaseBoard.a(light.o)
 .debug_abbrev  0x00000a5c      0x1ed C:\Users\Frosina\Documents\LPCXpresso_8.2.2_650\workspace\Lib_EaBaseBoard\Debug\libLib_EaBaseBoard.a(oled.o)
 .debug_abbrev  0x00000c49      0x1d7 C:\Users\Frosina\Documents\LPCXpresso_8.2.2_650\workspace\Lib_EaBaseBoard\Debug\libLib_EaBaseBoard.a(pca9532.o)
 .debug_abbrev  0x00000e20       0xa4 C:\Users\Frosina\Documents\LPCXpresso_8.2.2_650\workspace\Lib_EaBaseBoard\Debug\libLib_EaBaseBoard.a(rotary.o)
 .debug_abbrev  0x00000ec4       0xc7 C:\Users\Frosina\Documents\LPCXpresso_8.2.2_650\workspace\Lib_EaBaseBoard\Debug\libLib_EaBaseBoard.a(temp.o)
 .debug_abbrev  0x00000f8b       0x48 C:\Users\Frosina\Documents\LPCXpresso_8.2.2_650\workspace\Lib_EaBaseBoard\Debug\libLib_EaBaseBoard.a(font5x7.o)
 .debug_abbrev  0x00000fd3      0x165 C:\Users\Frosina\Documents\LPCXpresso_8.2.2_650\workspace\Lib_MCU\Debug\libLib_MCU.a(lpc17xx_adc.o)
 .debug_abbrev  0x00001138      0x1be C:\Users\Frosina\Documents\LPCXpresso_8.2.2_650\workspace\Lib_MCU\Debug\libLib_MCU.a(lpc17xx_clkpwr.o)
 .debug_abbrev  0x000012f6      0x204 C:\Users\Frosina\Documents\LPCXpresso_8.2.2_650\workspace\Lib_MCU\Debug\libLib_MCU.a(lpc17xx_gpio.o)
 .debug_abbrev  0x000014fa      0x26e C:\Users\Frosina\Documents\LPCXpresso_8.2.2_650\workspace\Lib_MCU\Debug\libLib_MCU.a(lpc17xx_i2c.o)
 .debug_abbrev  0x00001768      0x143 C:\Users\Frosina\Documents\LPCXpresso_8.2.2_650\workspace\Lib_MCU\Debug\libLib_MCU.a(lpc17xx_pinsel.o)
 .debug_abbrev  0x000018ab      0x1c9 C:\Users\Frosina\Documents\LPCXpresso_8.2.2_650\workspace\Lib_MCU\Debug\libLib_MCU.a(lpc17xx_ssp.o)
 .debug_abbrev  0x00001a74      0x1fa C:\Users\Frosina\Documents\LPCXpresso_8.2.2_650\workspace\Lib_MCU\Debug\libLib_MCU.a(lpc17xx_timer.o)

.debug_aranges  0x00000000      0x848
 .debug_aranges
                0x00000000       0x70 ./src/cr_startup_lpc17.o
 .debug_aranges
                0x00000070       0xa0 ./src/main.o
 .debug_aranges
                0x00000110       0x28 ./src/oled_graphing.o
 .debug_aranges
                0x00000138       0x28 C:\Users\Frosina\Documents\LPCXpresso_8.2.2_650\workspace\Lib_CMSISv1p30_LPC17xx\Debug\libCMSISv1p30_LPC17xx.a(system_LPC17xx.o)
 .debug_aranges
                0x00000160       0x48 C:\Users\Frosina\Documents\LPCXpresso_8.2.2_650\workspace\Lib_EaBaseBoard\Debug\libLib_EaBaseBoard.a(eeprom.o)
 .debug_aranges
                0x000001a8       0x28 C:\Users\Frosina\Documents\LPCXpresso_8.2.2_650\workspace\Lib_EaBaseBoard\Debug\libLib_EaBaseBoard.a(joystick.o)
 .debug_aranges
                0x000001d0       0x28 C:\Users\Frosina\Documents\LPCXpresso_8.2.2_650\workspace\Lib_EaBaseBoard\Debug\libLib_EaBaseBoard.a(led7seg.o)
 .debug_aranges
                0x000001f8       0x98 C:\Users\Frosina\Documents\LPCXpresso_8.2.2_650\workspace\Lib_EaBaseBoard\Debug\libLib_EaBaseBoard.a(light.o)
 .debug_aranges
                0x00000290       0x90 C:\Users\Frosina\Documents\LPCXpresso_8.2.2_650\workspace\Lib_EaBaseBoard\Debug\libLib_EaBaseBoard.a(oled.o)
 .debug_aranges
                0x00000320       0x80 C:\Users\Frosina\Documents\LPCXpresso_8.2.2_650\workspace\Lib_EaBaseBoard\Debug\libLib_EaBaseBoard.a(pca9532.o)
 .debug_aranges
                0x000003a0       0x28 C:\Users\Frosina\Documents\LPCXpresso_8.2.2_650\workspace\Lib_EaBaseBoard\Debug\libLib_EaBaseBoard.a(rotary.o)
 .debug_aranges
                0x000003c8       0x28 C:\Users\Frosina\Documents\LPCXpresso_8.2.2_650\workspace\Lib_EaBaseBoard\Debug\libLib_EaBaseBoard.a(temp.o)
 .debug_aranges
                0x000003f0       0x18 C:\Users\Frosina\Documents\LPCXpresso_8.2.2_650\workspace\Lib_EaBaseBoard\Debug\libLib_EaBaseBoard.a(font5x7.o)
 .debug_aranges
                0x00000408       0x80 C:\Users\Frosina\Documents\LPCXpresso_8.2.2_650\workspace\Lib_MCU\Debug\libLib_MCU.a(lpc17xx_adc.o)
 .debug_aranges
                0x00000488       0x60 C:\Users\Frosina\Documents\LPCXpresso_8.2.2_650\workspace\Lib_MCU\Debug\libLib_MCU.a(lpc17xx_clkpwr.o)
 .debug_aranges
                0x000004e8       0xf8 C:\Users\Frosina\Documents\LPCXpresso_8.2.2_650\workspace\Lib_MCU\Debug\libLib_MCU.a(lpc17xx_gpio.o)
 .debug_aranges
                0x000005e0       0xd0 C:\Users\Frosina\Documents\LPCXpresso_8.2.2_650\workspace\Lib_MCU\Debug\libLib_MCU.a(lpc17xx_i2c.o)
 .debug_aranges
                0x000006b0       0x48 C:\Users\Frosina\Documents\LPCXpresso_8.2.2_650\workspace\Lib_MCU\Debug\libLib_MCU.a(lpc17xx_pinsel.o)
 .debug_aranges
                0x000006f8       0xa8 C:\Users\Frosina\Documents\LPCXpresso_8.2.2_650\workspace\Lib_MCU\Debug\libLib_MCU.a(lpc17xx_ssp.o)
 .debug_aranges
                0x000007a0       0xa8 C:\Users\Frosina\Documents\LPCXpresso_8.2.2_650\workspace\Lib_MCU\Debug\libLib_MCU.a(lpc17xx_timer.o)

.debug_ranges   0x00000000      0x700
 .debug_ranges  0x00000000       0x60 ./src/cr_startup_lpc17.o
 .debug_ranges  0x00000060       0x90 ./src/main.o
 .debug_ranges  0x000000f0       0x18 ./src/oled_graphing.o
 .debug_ranges  0x00000108       0x18 C:\Users\Frosina\Documents\LPCXpresso_8.2.2_650\workspace\Lib_CMSISv1p30_LPC17xx\Debug\libCMSISv1p30_LPC17xx.a(system_LPC17xx.o)
 .debug_ranges  0x00000120       0x38 C:\Users\Frosina\Documents\LPCXpresso_8.2.2_650\workspace\Lib_EaBaseBoard\Debug\libLib_EaBaseBoard.a(eeprom.o)
 .debug_ranges  0x00000158       0x18 C:\Users\Frosina\Documents\LPCXpresso_8.2.2_650\workspace\Lib_EaBaseBoard\Debug\libLib_EaBaseBoard.a(joystick.o)
 .debug_ranges  0x00000170       0x18 C:\Users\Frosina\Documents\LPCXpresso_8.2.2_650\workspace\Lib_EaBaseBoard\Debug\libLib_EaBaseBoard.a(led7seg.o)
 .debug_ranges  0x00000188       0x88 C:\Users\Frosina\Documents\LPCXpresso_8.2.2_650\workspace\Lib_EaBaseBoard\Debug\libLib_EaBaseBoard.a(light.o)
 .debug_ranges  0x00000210       0x80 C:\Users\Frosina\Documents\LPCXpresso_8.2.2_650\workspace\Lib_EaBaseBoard\Debug\libLib_EaBaseBoard.a(oled.o)
 .debug_ranges  0x00000290       0x70 C:\Users\Frosina\Documents\LPCXpresso_8.2.2_650\workspace\Lib_EaBaseBoard\Debug\libLib_EaBaseBoard.a(pca9532.o)
 .debug_ranges  0x00000300       0x18 C:\Users\Frosina\Documents\LPCXpresso_8.2.2_650\workspace\Lib_EaBaseBoard\Debug\libLib_EaBaseBoard.a(rotary.o)
 .debug_ranges  0x00000318       0x18 C:\Users\Frosina\Documents\LPCXpresso_8.2.2_650\workspace\Lib_EaBaseBoard\Debug\libLib_EaBaseBoard.a(temp.o)
 .debug_ranges  0x00000330       0x70 C:\Users\Frosina\Documents\LPCXpresso_8.2.2_650\workspace\Lib_MCU\Debug\libLib_MCU.a(lpc17xx_adc.o)
 .debug_ranges  0x000003a0       0x50 C:\Users\Frosina\Documents\LPCXpresso_8.2.2_650\workspace\Lib_MCU\Debug\libLib_MCU.a(lpc17xx_clkpwr.o)
 .debug_ranges  0x000003f0       0xe8 C:\Users\Frosina\Documents\LPCXpresso_8.2.2_650\workspace\Lib_MCU\Debug\libLib_MCU.a(lpc17xx_gpio.o)
 .debug_ranges  0x000004d8       0xc0 C:\Users\Frosina\Documents\LPCXpresso_8.2.2_650\workspace\Lib_MCU\Debug\libLib_MCU.a(lpc17xx_i2c.o)
 .debug_ranges  0x00000598       0x38 C:\Users\Frosina\Documents\LPCXpresso_8.2.2_650\workspace\Lib_MCU\Debug\libLib_MCU.a(lpc17xx_pinsel.o)
 .debug_ranges  0x000005d0       0x98 C:\Users\Frosina\Documents\LPCXpresso_8.2.2_650\workspace\Lib_MCU\Debug\libLib_MCU.a(lpc17xx_ssp.o)
 .debug_ranges  0x00000668       0x98 C:\Users\Frosina\Documents\LPCXpresso_8.2.2_650\workspace\Lib_MCU\Debug\libLib_MCU.a(lpc17xx_timer.o)

.debug_macro    0x00000000     0x64a2
 .debug_macro   0x00000000       0x79 ./src/cr_startup_lpc17.o
 .debug_macro   0x00000079      0x886 ./src/cr_startup_lpc17.o
 .debug_macro   0x000008ff       0x22 ./src/cr_startup_lpc17.o
 .debug_macro   0x00000921       0x87 ./src/cr_startup_lpc17.o
 .debug_macro   0x000009a8       0x44 ./src/cr_startup_lpc17.o
 .debug_macro   0x000009ec       0xfd ./src/cr_startup_lpc17.o
 .debug_macro   0x00000ae9       0x5e ./src/cr_startup_lpc17.o
 .debug_macro   0x00000b47      0x1df ./src/cr_startup_lpc17.o
 .debug_macro   0x00000d26      0x13e ./src/main.o
 .debug_macro   0x00000e64       0x1c ./src/main.o
 .debug_macro   0x00000e80       0x22 ./src/main.o
 .debug_macro   0x00000ea2      0x7b7 ./src/main.o
 .debug_macro   0x00001659      0x2c7 ./src/main.o
 .debug_macro   0x00001920       0x64 ./src/main.o
 .debug_macro   0x00001984      0x140 ./src/main.o
 .debug_macro   0x00001ac4       0x46 ./src/main.o
 .debug_macro   0x00001b0a      0x192 ./src/main.o
 .debug_macro   0x00001c9c      0x2a6 ./src/main.o
 .debug_macro   0x00001f42       0xee ./src/main.o
 .debug_macro   0x00002030       0xed ./src/main.o
 .debug_macro   0x0000211d       0x16 ./src/main.o
 .debug_macro   0x00002133       0x28 ./src/main.o
 .debug_macro   0x0000215b       0x1c ./src/main.o
 .debug_macro   0x00002177       0xb2 ./src/main.o
 .debug_macro   0x00002229      0x16e ./src/oled_graphing.o
 .debug_macro   0x00002397       0x4c ./src/oled_graphing.o
 .debug_macro   0x000023e3       0x8d ./src/oled_graphing.o
 .debug_macro   0x00002470       0x35 ./src/oled_graphing.o
 .debug_macro   0x000024a5       0x9c ./src/oled_graphing.o
 .debug_macro   0x00002541      0x174 ./src/oled_graphing.o
 .debug_macro   0x000026b5       0x4a ./src/oled_graphing.o
 .debug_macro   0x000026ff       0x52 ./src/oled_graphing.o
 .debug_macro   0x00002751       0x1f ./src/oled_graphing.o
 .debug_macro   0x00002770       0x43 ./src/oled_graphing.o
 .debug_macro   0x000027b3       0x20 ./src/oled_graphing.o
 .debug_macro   0x000027d3      0x187 ./src/oled_graphing.o
 .debug_macro   0x0000295a      0x30d ./src/oled_graphing.o
 .debug_macro   0x00002c67       0x10 ./src/oled_graphing.o
 .debug_macro   0x00002c77       0x35 ./src/oled_graphing.o
 .debug_macro   0x00002cac       0x5d ./src/oled_graphing.o
 .debug_macro   0x00002d09       0x40 ./src/oled_graphing.o
 .debug_macro   0x00002d49      0x113 C:\Users\Frosina\Documents\LPCXpresso_8.2.2_650\workspace\Lib_CMSISv1p30_LPC17xx\Debug\libCMSISv1p30_LPC17xx.a(system_LPC17xx.o)
 .debug_macro   0x00002e5c      0x880 C:\Users\Frosina\Documents\LPCXpresso_8.2.2_650\workspace\Lib_CMSISv1p30_LPC17xx\Debug\libCMSISv1p30_LPC17xx.a(system_LPC17xx.o)
 .debug_macro   0x000036dc       0x10 C:\Users\Frosina\Documents\LPCXpresso_8.2.2_650\workspace\Lib_CMSISv1p30_LPC17xx\Debug\libCMSISv1p30_LPC17xx.a(system_LPC17xx.o)
 .debug_macro   0x000036ec      0x12d C:\Users\Frosina\Documents\LPCXpresso_8.2.2_650\workspace\Lib_CMSISv1p30_LPC17xx\Debug\libCMSISv1p30_LPC17xx.a(system_LPC17xx.o)
 .debug_macro   0x00003819      0x5b2 C:\Users\Frosina\Documents\LPCXpresso_8.2.2_650\workspace\Lib_CMSISv1p30_LPC17xx\Debug\libCMSISv1p30_LPC17xx.a(system_LPC17xx.o)
 .debug_macro   0x00003dcb      0x7d5 C:\Users\Frosina\Documents\LPCXpresso_8.2.2_650\workspace\Lib_CMSISv1p30_LPC17xx\Debug\libCMSISv1p30_LPC17xx.a(system_LPC17xx.o)
 .debug_macro   0x000045a0       0xd5 C:\Users\Frosina\Documents\LPCXpresso_8.2.2_650\workspace\Lib_EaBaseBoard\Debug\libLib_EaBaseBoard.a(eeprom.o)
 .debug_macro   0x00004675      0x18c C:\Users\Frosina\Documents\LPCXpresso_8.2.2_650\workspace\Lib_EaBaseBoard\Debug\libLib_EaBaseBoard.a(eeprom.o)
 .debug_macro   0x00004801       0x9a C:\Users\Frosina\Documents\LPCXpresso_8.2.2_650\workspace\Lib_EaBaseBoard\Debug\libLib_EaBaseBoard.a(eeprom.o)
 .debug_macro   0x0000489b       0x83 C:\Users\Frosina\Documents\LPCXpresso_8.2.2_650\workspace\Lib_EaBaseBoard\Debug\libLib_EaBaseBoard.a(joystick.o)
 .debug_macro   0x0000491e       0x99 C:\Users\Frosina\Documents\LPCXpresso_8.2.2_650\workspace\Lib_EaBaseBoard\Debug\libLib_EaBaseBoard.a(led7seg.o)
 .debug_macro   0x000049b7      0x126 C:\Users\Frosina\Documents\LPCXpresso_8.2.2_650\workspace\Lib_EaBaseBoard\Debug\libLib_EaBaseBoard.a(light.o)
 .debug_macro   0x00004add       0xdd C:\Users\Frosina\Documents\LPCXpresso_8.2.2_650\workspace\Lib_EaBaseBoard\Debug\libLib_EaBaseBoard.a(oled.o)
 .debug_macro   0x00004bba       0xa1 C:\Users\Frosina\Documents\LPCXpresso_8.2.2_650\workspace\Lib_EaBaseBoard\Debug\libLib_EaBaseBoard.a(pca9532.o)
 .debug_macro   0x00004c5b       0xb3 C:\Users\Frosina\Documents\LPCXpresso_8.2.2_650\workspace\Lib_EaBaseBoard\Debug\libLib_EaBaseBoard.a(rotary.o)
 .debug_macro   0x00004d0e       0xae C:\Users\Frosina\Documents\LPCXpresso_8.2.2_650\workspace\Lib_EaBaseBoard\Debug\libLib_EaBaseBoard.a(temp.o)
 .debug_macro   0x00004dbc       0x1a C:\Users\Frosina\Documents\LPCXpresso_8.2.2_650\workspace\Lib_EaBaseBoard\Debug\libLib_EaBaseBoard.a(font5x7.o)
 .debug_macro   0x00004dd6      0x696 C:\Users\Frosina\Documents\LPCXpresso_8.2.2_650\workspace\Lib_EaBaseBoard\Debug\libLib_EaBaseBoard.a(font5x7.o)
 .debug_macro   0x0000546c       0x8c C:\Users\Frosina\Documents\LPCXpresso_8.2.2_650\workspace\Lib_MCU\Debug\libLib_MCU.a(lpc17xx_adc.o)
 .debug_macro   0x000054f8       0xe8 C:\Users\Frosina\Documents\LPCXpresso_8.2.2_650\workspace\Lib_MCU\Debug\libLib_MCU.a(lpc17xx_adc.o)
 .debug_macro   0x000055e0      0x2fa C:\Users\Frosina\Documents\LPCXpresso_8.2.2_650\workspace\Lib_MCU\Debug\libLib_MCU.a(lpc17xx_adc.o)
 .debug_macro   0x000058da       0xda C:\Users\Frosina\Documents\LPCXpresso_8.2.2_650\workspace\Lib_MCU\Debug\libLib_MCU.a(lpc17xx_adc.o)
 .debug_macro   0x000059b4       0x7a C:\Users\Frosina\Documents\LPCXpresso_8.2.2_650\workspace\Lib_MCU\Debug\libLib_MCU.a(lpc17xx_clkpwr.o)
 .debug_macro   0x00005a2e      0x2f4 C:\Users\Frosina\Documents\LPCXpresso_8.2.2_650\workspace\Lib_MCU\Debug\libLib_MCU.a(lpc17xx_clkpwr.o)
 .debug_macro   0x00005d22       0x83 C:\Users\Frosina\Documents\LPCXpresso_8.2.2_650\workspace\Lib_MCU\Debug\libLib_MCU.a(lpc17xx_gpio.o)
 .debug_macro   0x00005da5       0x95 C:\Users\Frosina\Documents\LPCXpresso_8.2.2_650\workspace\Lib_MCU\Debug\libLib_MCU.a(lpc17xx_i2c.o)
 .debug_macro   0x00005e3a      0x146 C:\Users\Frosina\Documents\LPCXpresso_8.2.2_650\workspace\Lib_MCU\Debug\libLib_MCU.a(lpc17xx_i2c.o)
 .debug_macro   0x00005f80       0x7a C:\Users\Frosina\Documents\LPCXpresso_8.2.2_650\workspace\Lib_MCU\Debug\libLib_MCU.a(lpc17xx_pinsel.o)
 .debug_macro   0x00005ffa       0x8c C:\Users\Frosina\Documents\LPCXpresso_8.2.2_650\workspace\Lib_MCU\Debug\libLib_MCU.a(lpc17xx_ssp.o)
 .debug_macro   0x00006086      0x2a0 C:\Users\Frosina\Documents\LPCXpresso_8.2.2_650\workspace\Lib_MCU\Debug\libLib_MCU.a(lpc17xx_ssp.o)
 .debug_macro   0x00006326       0x95 C:\Users\Frosina\Documents\LPCXpresso_8.2.2_650\workspace\Lib_MCU\Debug\libLib_MCU.a(lpc17xx_timer.o)
 .debug_macro   0x000063bb       0xe7 C:\Users\Frosina\Documents\LPCXpresso_8.2.2_650\workspace\Lib_MCU\Debug\libLib_MCU.a(lpc17xx_timer.o)

.debug_line     0x00000000     0x4af3
 .debug_line    0x00000000      0x32a ./src/cr_startup_lpc17.o
 .debug_line    0x0000032a      0x6c0 ./src/main.o
 .debug_line    0x000009ea      0x429 ./src/oled_graphing.o
 .debug_line    0x00000e13      0x205 C:\Users\Frosina\Documents\LPCXpresso_8.2.2_650\workspace\Lib_CMSISv1p30_LPC17xx\Debug\libCMSISv1p30_LPC17xx.a(system_LPC17xx.o)
 .debug_line    0x00001018      0x31e C:\Users\Frosina\Documents\LPCXpresso_8.2.2_650\workspace\Lib_EaBaseBoard\Debug\libLib_EaBaseBoard.a(eeprom.o)
 .debug_line    0x00001336      0x26c C:\Users\Frosina\Documents\LPCXpresso_8.2.2_650\workspace\Lib_EaBaseBoard\Debug\libLib_EaBaseBoard.a(joystick.o)
 .debug_line    0x000015a2      0x27c C:\Users\Frosina\Documents\LPCXpresso_8.2.2_650\workspace\Lib_EaBaseBoard\Debug\libLib_EaBaseBoard.a(led7seg.o)
 .debug_line    0x0000181e      0x3b5 C:\Users\Frosina\Documents\LPCXpresso_8.2.2_650\workspace\Lib_EaBaseBoard\Debug\libLib_EaBaseBoard.a(light.o)
 .debug_line    0x00001bd3      0x587 C:\Users\Frosina\Documents\LPCXpresso_8.2.2_650\workspace\Lib_EaBaseBoard\Debug\libLib_EaBaseBoard.a(oled.o)
 .debug_line    0x0000215a      0x39c C:\Users\Frosina\Documents\LPCXpresso_8.2.2_650\workspace\Lib_EaBaseBoard\Debug\libLib_EaBaseBoard.a(pca9532.o)
 .debug_line    0x000024f6      0x27e C:\Users\Frosina\Documents\LPCXpresso_8.2.2_650\workspace\Lib_EaBaseBoard\Debug\libLib_EaBaseBoard.a(rotary.o)
 .debug_line    0x00002774      0x281 C:\Users\Frosina\Documents\LPCXpresso_8.2.2_650\workspace\Lib_EaBaseBoard\Debug\libLib_EaBaseBoard.a(temp.o)
 .debug_line    0x000029f5       0x8f C:\Users\Frosina\Documents\LPCXpresso_8.2.2_650\workspace\Lib_EaBaseBoard\Debug\libLib_EaBaseBoard.a(font5x7.o)
 .debug_line    0x00002a84      0x407 C:\Users\Frosina\Documents\LPCXpresso_8.2.2_650\workspace\Lib_MCU\Debug\libLib_MCU.a(lpc17xx_adc.o)
 .debug_line    0x00002e8b      0x2ce C:\Users\Frosina\Documents\LPCXpresso_8.2.2_650\workspace\Lib_MCU\Debug\libLib_MCU.a(lpc17xx_clkpwr.o)
 .debug_line    0x00003159      0x4d9 C:\Users\Frosina\Documents\LPCXpresso_8.2.2_650\workspace\Lib_MCU\Debug\libLib_MCU.a(lpc17xx_gpio.o)
 .debug_line    0x00003632      0x6f3 C:\Users\Frosina\Documents\LPCXpresso_8.2.2_650\workspace\Lib_MCU\Debug\libLib_MCU.a(lpc17xx_i2c.o)
 .debug_line    0x00003d25      0x26d C:\Users\Frosina\Documents\LPCXpresso_8.2.2_650\workspace\Lib_MCU\Debug\libLib_MCU.a(lpc17xx_pinsel.o)
 .debug_line    0x00003f92      0x583 C:\Users\Frosina\Documents\LPCXpresso_8.2.2_650\workspace\Lib_MCU\Debug\libLib_MCU.a(lpc17xx_ssp.o)
 .debug_line    0x00004515      0x5de C:\Users\Frosina\Documents\LPCXpresso_8.2.2_650\workspace\Lib_MCU\Debug\libLib_MCU.a(lpc17xx_timer.o)

.debug_str      0x00000000    0x13748
 .debug_str     0x00000000     0x336e ./src/cr_startup_lpc17.o
                               0x34d4 (size before relaxing)
 .debug_str     0x0000336e     0x7aea ./src/main.o
                               0xaeed (size before relaxing)
 .debug_str     0x0000ae58     0x29fb ./src/oled_graphing.o
                               0xbace (size before relaxing)
 .debug_str     0x0000d853     0x1b26 C:\Users\Frosina\Documents\LPCXpresso_8.2.2_650\workspace\Lib_CMSISv1p30_LPC17xx\Debug\libCMSISv1p30_LPC17xx.a(system_LPC17xx.o)
                               0x7ff7 (size before relaxing)
 .debug_str     0x0000f379      0x477 C:\Users\Frosina\Documents\LPCXpresso_8.2.2_650\workspace\Lib_EaBaseBoard\Debug\libLib_EaBaseBoard.a(eeprom.o)
                               0x8ad8 (size before relaxing)
 .debug_str     0x0000f7f0       0x3a C:\Users\Frosina\Documents\LPCXpresso_8.2.2_650\workspace\Lib_EaBaseBoard\Debug\libLib_EaBaseBoard.a(joystick.o)
                               0x8054 (size before relaxing)
 .debug_str     0x0000f82a       0xe8 C:\Users\Frosina\Documents\LPCXpresso_8.2.2_650\workspace\Lib_EaBaseBoard\Debug\libLib_EaBaseBoard.a(led7seg.o)
                               0x90e9 (size before relaxing)
 .debug_str     0x0000f912      0x414 C:\Users\Frosina\Documents\LPCXpresso_8.2.2_650\workspace\Lib_EaBaseBoard\Debug\libLib_EaBaseBoard.a(light.o)
                               0x8be7 (size before relaxing)
 .debug_str     0x0000fd26      0x2ee C:\Users\Frosina\Documents\LPCXpresso_8.2.2_650\workspace\Lib_EaBaseBoard\Debug\libLib_EaBaseBoard.a(oled.o)
                               0x9c6a (size before relaxing)
 .debug_str     0x00010014      0x1a3 C:\Users\Frosina\Documents\LPCXpresso_8.2.2_650\workspace\Lib_EaBaseBoard\Debug\libLib_EaBaseBoard.a(pca9532.o)
                               0x8aec (size before relaxing)
 .debug_str     0x000101b7       0x9b C:\Users\Frosina\Documents\LPCXpresso_8.2.2_650\workspace\Lib_EaBaseBoard\Debug\libLib_EaBaseBoard.a(rotary.o)
                               0x806e (size before relaxing)
 .debug_str     0x00010252       0xe8 C:\Users\Frosina\Documents\LPCXpresso_8.2.2_650\workspace\Lib_EaBaseBoard\Debug\libLib_EaBaseBoard.a(temp.o)
                               0x80ae (size before relaxing)
 .debug_str     0x0001033a      0xe21 C:\Users\Frosina\Documents\LPCXpresso_8.2.2_650\workspace\Lib_EaBaseBoard\Debug\libLib_EaBaseBoard.a(font5x7.o)
                               0x32d4 (size before relaxing)
 .debug_str     0x0001115b     0x159b C:\Users\Frosina\Documents\LPCXpresso_8.2.2_650\workspace\Lib_MCU\Debug\libLib_MCU.a(lpc17xx_adc.o)
                               0x9bbd (size before relaxing)
 .debug_str     0x000126f6       0xcb C:\Users\Frosina\Documents\LPCXpresso_8.2.2_650\workspace\Lib_MCU\Debug\libLib_MCU.a(lpc17xx_clkpwr.o)
                               0x91eb (size before relaxing)
 .debug_str     0x000127c1      0x424 C:\Users\Frosina\Documents\LPCXpresso_8.2.2_650\workspace\Lib_MCU\Debug\libLib_MCU.a(lpc17xx_gpio.o)
                               0x8555 (size before relaxing)
 .debug_str     0x00012be5      0x341 C:\Users\Frosina\Documents\LPCXpresso_8.2.2_650\workspace\Lib_MCU\Debug\libLib_MCU.a(lpc17xx_i2c.o)
                               0xa523 (size before relaxing)
 .debug_str     0x00012f26      0x202 C:\Users\Frosina\Documents\LPCXpresso_8.2.2_650\workspace\Lib_MCU\Debug\libLib_MCU.a(lpc17xx_pinsel.o)
                               0x847c (size before relaxing)
 .debug_str     0x00013128      0x1c5 C:\Users\Frosina\Documents\LPCXpresso_8.2.2_650\workspace\Lib_MCU\Debug\libLib_MCU.a(lpc17xx_ssp.o)
                               0xa3dc (size before relaxing)
 .debug_str     0x000132ed      0x45b C:\Users\Frosina\Documents\LPCXpresso_8.2.2_650\workspace\Lib_MCU\Debug\libLib_MCU.a(lpc17xx_timer.o)
                               0xa1f5 (size before relaxing)

.comment        0x00000000       0x6e
 .comment       0x00000000       0x6e ./src/cr_startup_lpc17.o
                                 0x6f (size before relaxing)
 .comment       0x0000006e       0x6f ./src/main.o
 .comment       0x0000006e       0x6f ./src/oled_graphing.o
 .comment       0x0000006e       0x6f C:\Users\Frosina\Documents\LPCXpresso_8.2.2_650\workspace\Lib_CMSISv1p30_LPC17xx\Debug\libCMSISv1p30_LPC17xx.a(system_LPC17xx.o)
 .comment       0x0000006e       0x6f C:\Users\Frosina\Documents\LPCXpresso_8.2.2_650\workspace\Lib_EaBaseBoard\Debug\libLib_EaBaseBoard.a(eeprom.o)
 .comment       0x0000006e       0x6f C:\Users\Frosina\Documents\LPCXpresso_8.2.2_650\workspace\Lib_EaBaseBoard\Debug\libLib_EaBaseBoard.a(joystick.o)
 .comment       0x0000006e       0x6f C:\Users\Frosina\Documents\LPCXpresso_8.2.2_650\workspace\Lib_EaBaseBoard\Debug\libLib_EaBaseBoard.a(led7seg.o)
 .comment       0x0000006e       0x6f C:\Users\Frosina\Documents\LPCXpresso_8.2.2_650\workspace\Lib_EaBaseBoard\Debug\libLib_EaBaseBoard.a(light.o)
 .comment       0x0000006e       0x6f C:\Users\Frosina\Documents\LPCXpresso_8.2.2_650\workspace\Lib_EaBaseBoard\Debug\libLib_EaBaseBoard.a(oled.o)
 .comment       0x0000006e       0x6f C:\Users\Frosina\Documents\LPCXpresso_8.2.2_650\workspace\Lib_EaBaseBoard\Debug\libLib_EaBaseBoard.a(pca9532.o)
 .comment       0x0000006e       0x6f C:\Users\Frosina\Documents\LPCXpresso_8.2.2_650\workspace\Lib_EaBaseBoard\Debug\libLib_EaBaseBoard.a(rotary.o)
 .comment       0x0000006e       0x6f C:\Users\Frosina\Documents\LPCXpresso_8.2.2_650\workspace\Lib_EaBaseBoard\Debug\libLib_EaBaseBoard.a(temp.o)
 .comment       0x0000006e       0x6f C:\Users\Frosina\Documents\LPCXpresso_8.2.2_650\workspace\Lib_EaBaseBoard\Debug\libLib_EaBaseBoard.a(font5x7.o)
 .comment       0x0000006e       0x6f C:\Users\Frosina\Documents\LPCXpresso_8.2.2_650\workspace\Lib_MCU\Debug\libLib_MCU.a(lpc17xx_adc.o)
 .comment       0x0000006e       0x6f C:\Users\Frosina\Documents\LPCXpresso_8.2.2_650\workspace\Lib_MCU\Debug\libLib_MCU.a(lpc17xx_clkpwr.o)
 .comment       0x0000006e       0x6f C:\Users\Frosina\Documents\LPCXpresso_8.2.2_650\workspace\Lib_MCU\Debug\libLib_MCU.a(lpc17xx_gpio.o)
 .comment       0x0000006e       0x6f C:\Users\Frosina\Documents\LPCXpresso_8.2.2_650\workspace\Lib_MCU\Debug\libLib_MCU.a(lpc17xx_i2c.o)
 .comment       0x0000006e       0x6f C:\Users\Frosina\Documents\LPCXpresso_8.2.2_650\workspace\Lib_MCU\Debug\libLib_MCU.a(lpc17xx_pinsel.o)
 .comment       0x0000006e       0x6f C:\Users\Frosina\Documents\LPCXpresso_8.2.2_650\workspace\Lib_MCU\Debug\libLib_MCU.a(lpc17xx_ssp.o)
 .comment       0x0000006e       0x6f C:\Users\Frosina\Documents\LPCXpresso_8.2.2_650\workspace\Lib_MCU\Debug\libLib_MCU.a(lpc17xx_timer.o)

.ARM.attributes
                0x00000000       0x31
 .ARM.attributes
                0x00000000       0x33 ./src/cr_startup_lpc17.o
 .ARM.attributes
                0x00000033       0x33 ./src/main.o
 .ARM.attributes
                0x00000066       0x33 ./src/oled_graphing.o
 .ARM.attributes
                0x00000099       0x33 C:\Users\Frosina\Documents\LPCXpresso_8.2.2_650\workspace\Lib_CMSISv1p30_LPC17xx\Debug\libCMSISv1p30_LPC17xx.a(system_LPC17xx.o)
 .ARM.attributes
                0x000000cc       0x33 C:\Users\Frosina\Documents\LPCXpresso_8.2.2_650\workspace\Lib_EaBaseBoard\Debug\libLib_EaBaseBoard.a(eeprom.o)
 .ARM.attributes
                0x000000ff       0x33 C:\Users\Frosina\Documents\LPCXpresso_8.2.2_650\workspace\Lib_EaBaseBoard\Debug\libLib_EaBaseBoard.a(joystick.o)
 .ARM.attributes
                0x00000132       0x33 C:\Users\Frosina\Documents\LPCXpresso_8.2.2_650\workspace\Lib_EaBaseBoard\Debug\libLib_EaBaseBoard.a(led7seg.o)
 .ARM.attributes
                0x00000165       0x33 C:\Users\Frosina\Documents\LPCXpresso_8.2.2_650\workspace\Lib_EaBaseBoard\Debug\libLib_EaBaseBoard.a(light.o)
 .ARM.attributes
                0x00000198       0x33 C:\Users\Frosina\Documents\LPCXpresso_8.2.2_650\workspace\Lib_EaBaseBoard\Debug\libLib_EaBaseBoard.a(oled.o)
 .ARM.attributes
                0x000001cb       0x33 C:\Users\Frosina\Documents\LPCXpresso_8.2.2_650\workspace\Lib_EaBaseBoard\Debug\libLib_EaBaseBoard.a(pca9532.o)
 .ARM.attributes
                0x000001fe       0x33 C:\Users\Frosina\Documents\LPCXpresso_8.2.2_650\workspace\Lib_EaBaseBoard\Debug\libLib_EaBaseBoard.a(rotary.o)
 .ARM.attributes
                0x00000231       0x33 C:\Users\Frosina\Documents\LPCXpresso_8.2.2_650\workspace\Lib_EaBaseBoard\Debug\libLib_EaBaseBoard.a(temp.o)
 .ARM.attributes
                0x00000264       0x33 C:\Users\Frosina\Documents\LPCXpresso_8.2.2_650\workspace\Lib_EaBaseBoard\Debug\libLib_EaBaseBoard.a(font5x7.o)
 .ARM.attributes
                0x00000297       0x33 C:\Users\Frosina\Documents\LPCXpresso_8.2.2_650\workspace\Lib_MCU\Debug\libLib_MCU.a(lpc17xx_adc.o)
 .ARM.attributes
                0x000002ca       0x33 C:\Users\Frosina\Documents\LPCXpresso_8.2.2_650\workspace\Lib_MCU\Debug\libLib_MCU.a(lpc17xx_clkpwr.o)
 .ARM.attributes
                0x000002fd       0x33 C:\Users\Frosina\Documents\LPCXpresso_8.2.2_650\workspace\Lib_MCU\Debug\libLib_MCU.a(lpc17xx_gpio.o)
 .ARM.attributes
                0x00000330       0x33 C:\Users\Frosina\Documents\LPCXpresso_8.2.2_650\workspace\Lib_MCU\Debug\libLib_MCU.a(lpc17xx_i2c.o)
 .ARM.attributes
                0x00000363       0x33 C:\Users\Frosina\Documents\LPCXpresso_8.2.2_650\workspace\Lib_MCU\Debug\libLib_MCU.a(lpc17xx_pinsel.o)
 .ARM.attributes
                0x00000396       0x33 C:\Users\Frosina\Documents\LPCXpresso_8.2.2_650\workspace\Lib_MCU\Debug\libLib_MCU.a(lpc17xx_ssp.o)
 .ARM.attributes
                0x000003c9       0x33 C:\Users\Frosina\Documents\LPCXpresso_8.2.2_650\workspace\Lib_MCU\Debug\libLib_MCU.a(lpc17xx_timer.o)
 .ARM.attributes
                0x000003fc       0x1d c:/nxp/lpcxpresso_8.2.2_650/lpcxpresso/tools/bin/../lib/gcc/arm-none-eabi/5.4.1/armv7-m\libgcc.a(_arm_addsubsf3.o)
 .ARM.attributes
                0x00000419       0x1d c:/nxp/lpcxpresso_8.2.2_650/lpcxpresso/tools/bin/../lib/gcc/arm-none-eabi/5.4.1/armv7-m\libgcc.a(_arm_muldivsf3.o)
 .ARM.attributes
                0x00000436       0x1d c:/nxp/lpcxpresso_8.2.2_650/lpcxpresso/tools/bin/../lib/gcc/arm-none-eabi/5.4.1/armv7-m\libgcc.a(_arm_cmpsf2.o)
 .ARM.attributes
                0x00000453       0x1d c:/nxp/lpcxpresso_8.2.2_650/lpcxpresso/tools/bin/../lib/gcc/arm-none-eabi/5.4.1/armv7-m\libgcc.a(_arm_fixunssfsi.o)
 .ARM.attributes
                0x00000470       0x1d c:/nxp/lpcxpresso_8.2.2_650/lpcxpresso/tools/bin/../lib/gcc/arm-none-eabi/5.4.1/armv7-m\libgcc.a(_aeabi_uldivmod.o)
 .ARM.attributes
                0x0000048d       0x2d c:/nxp/lpcxpresso_8.2.2_650/lpcxpresso/tools/bin/../lib/gcc/arm-none-eabi/5.4.1/armv7-m\libgcc.a(_udivmoddi4.o)
 .ARM.attributes
                0x000004ba       0x1d c:/nxp/lpcxpresso_8.2.2_650/lpcxpresso/tools/bin/../lib/gcc/arm-none-eabi/5.4.1/armv7-m\libgcc.a(_dvmd_tls.o)
 .ARM.attributes
                0x000004d7       0x1b c:/nxp/lpcxpresso_8.2.2_650/lpcxpresso/tools/bin/../lib/gcc/arm-none-eabi/5.4.1/../../../../arm-none-eabi/lib/armv7-m\libc.a(lib_a-memcpy.o)
 .ARM.attributes
                0x000004f2       0x2d c:/nxp/lpcxpresso_8.2.2_650/lpcxpresso/tools/bin/../lib/gcc/arm-none-eabi/5.4.1/../../../../arm-none-eabi/lib/armv7-m\libc.a(lib_a-memset.o)

.debug_frame    0x00000000     0x1ea4
 .debug_frame   0x00000000      0x120 ./src/cr_startup_lpc17.o
 .debug_frame   0x00000120      0x280 ./src/main.o
 .debug_frame   0x000003a0       0x60 ./src/oled_graphing.o
 .debug_frame   0x00000400       0x64 C:\Users\Frosina\Documents\LPCXpresso_8.2.2_650\workspace\Lib_CMSISv1p30_LPC17xx\Debug\libCMSISv1p30_LPC17xx.a(system_LPC17xx.o)
 .debug_frame   0x00000464       0xe8 C:\Users\Frosina\Documents\LPCXpresso_8.2.2_650\workspace\Lib_EaBaseBoard\Debug\libLib_EaBaseBoard.a(eeprom.o)
 .debug_frame   0x0000054c       0x50 C:\Users\Frosina\Documents\LPCXpresso_8.2.2_650\workspace\Lib_EaBaseBoard\Debug\libLib_EaBaseBoard.a(joystick.o)
 .debug_frame   0x0000059c       0x50 C:\Users\Frosina\Documents\LPCXpresso_8.2.2_650\workspace\Lib_EaBaseBoard\Debug\libLib_EaBaseBoard.a(led7seg.o)
 .debug_frame   0x000005ec      0x24c C:\Users\Frosina\Documents\LPCXpresso_8.2.2_650\workspace\Lib_EaBaseBoard\Debug\libLib_EaBaseBoard.a(light.o)
 .debug_frame   0x00000838      0x244 C:\Users\Frosina\Documents\LPCXpresso_8.2.2_650\workspace\Lib_EaBaseBoard\Debug\libLib_EaBaseBoard.a(oled.o)
 .debug_frame   0x00000a7c      0x1e8 C:\Users\Frosina\Documents\LPCXpresso_8.2.2_650\workspace\Lib_EaBaseBoard\Debug\libLib_EaBaseBoard.a(pca9532.o)
 .debug_frame   0x00000c64       0x50 C:\Users\Frosina\Documents\LPCXpresso_8.2.2_650\workspace\Lib_EaBaseBoard\Debug\libLib_EaBaseBoard.a(rotary.o)
 .debug_frame   0x00000cb4       0x58 C:\Users\Frosina\Documents\LPCXpresso_8.2.2_650\workspace\Lib_EaBaseBoard\Debug\libLib_EaBaseBoard.a(temp.o)
 .debug_frame   0x00000d0c      0x1e8 C:\Users\Frosina\Documents\LPCXpresso_8.2.2_650\workspace\Lib_MCU\Debug\libLib_MCU.a(lpc17xx_adc.o)
 .debug_frame   0x00000ef4      0x13c C:\Users\Frosina\Documents\LPCXpresso_8.2.2_650\workspace\Lib_MCU\Debug\libLib_MCU.a(lpc17xx_clkpwr.o)
 .debug_frame   0x00001030      0x428 C:\Users\Frosina\Documents\LPCXpresso_8.2.2_650\workspace\Lib_MCU\Debug\libLib_MCU.a(lpc17xx_gpio.o)
 .debug_frame   0x00001458      0x374 C:\Users\Frosina\Documents\LPCXpresso_8.2.2_650\workspace\Lib_MCU\Debug\libLib_MCU.a(lpc17xx_i2c.o)
 .debug_frame   0x000017cc       0xfc C:\Users\Frosina\Documents\LPCXpresso_8.2.2_650\workspace\Lib_MCU\Debug\libLib_MCU.a(lpc17xx_pinsel.o)
 .debug_frame   0x000018c8      0x2a0 C:\Users\Frosina\Documents\LPCXpresso_8.2.2_650\workspace\Lib_MCU\Debug\libLib_MCU.a(lpc17xx_ssp.o)
 .debug_frame   0x00001b68      0x2a4 C:\Users\Frosina\Documents\LPCXpresso_8.2.2_650\workspace\Lib_MCU\Debug\libLib_MCU.a(lpc17xx_timer.o)
 .debug_frame   0x00001e0c       0x2c c:/nxp/lpcxpresso_8.2.2_650/lpcxpresso/tools/bin/../lib/gcc/arm-none-eabi/5.4.1/armv7-m\libgcc.a(_aeabi_uldivmod.o)
 .debug_frame   0x00001e38       0x38 c:/nxp/lpcxpresso_8.2.2_650/lpcxpresso/tools/bin/../lib/gcc/arm-none-eabi/5.4.1/armv7-m\libgcc.a(_udivmoddi4.o)
 .debug_frame   0x00001e70       0x34 c:/nxp/lpcxpresso_8.2.2_650/lpcxpresso/tools/bin/../lib/gcc/arm-none-eabi/5.4.1/../../../../arm-none-eabi/lib/armv7-m\libc.a(lib_a-memset.o)
